Archive member included to satisfy reference by file (symbol)

/Users/sparshg/.local/arm-gnu-toolchain-13.3.rel1-darwin-arm64-arm-none-eabi/bin/../lib/gcc/arm-none-eabi/13.3.1/../../../../arm-none-eabi/lib/thumb/v8-m.main+fp/softfp/libm.a(libm_a-wf_sqrt.o)
                              CMakeFiles/rp2350a_blink.dir/pico-sdk/src/rp2_common/pico_float/float_math.c.o (sqrtf)
/Users/sparshg/.local/arm-gnu-toolchain-13.3.rel1-darwin-arm64-arm-none-eabi/bin/../lib/gcc/arm-none-eabi/13.3.1/../../../../arm-none-eabi/lib/thumb/v8-m.main+fp/softfp/libm.a(libm_a-ef_sqrt.o)
                              /Users/sparshg/.local/arm-gnu-toolchain-13.3.rel1-darwin-arm64-arm-none-eabi/bin/../lib/gcc/arm-none-eabi/13.3.1/../../../../arm-none-eabi/lib/thumb/v8-m.main+fp/softfp/libm.a(libm_a-wf_sqrt.o) (__ieee754_sqrtf)
/Users/sparshg/.local/arm-gnu-toolchain-13.3.rel1-darwin-arm64-arm-none-eabi/bin/../lib/gcc/arm-none-eabi/13.3.1/thumb/v8-m.main+fp/softfp/libgcc.a(_arm_addsubdf3.o)
                              CMakeFiles/rp2350a_blink.dir/pico-sdk/src/rp2_common/pico_float/float_math.c.o (__aeabi_f2d)
/Users/sparshg/.local/arm-gnu-toolchain-13.3.rel1-darwin-arm64-arm-none-eabi/bin/../lib/gcc/arm-none-eabi/13.3.1/thumb/v8-m.main+fp/softfp/libgcc.a(_aeabi_ldivmod.o)
                              CMakeFiles/rp2350a_blink.dir/pico-sdk/src/common/pico_time/time.c.o (__aeabi_ldivmod)
/Users/sparshg/.local/arm-gnu-toolchain-13.3.rel1-darwin-arm64-arm-none-eabi/bin/../lib/gcc/arm-none-eabi/13.3.1/thumb/v8-m.main+fp/softfp/libgcc.a(_aeabi_uldivmod.o)
                              CMakeFiles/rp2350a_blink.dir/pico-sdk/src/rp2_common/hardware_clocks/clocks.c.o (__aeabi_uldivmod)
/Users/sparshg/.local/arm-gnu-toolchain-13.3.rel1-darwin-arm64-arm-none-eabi/bin/../lib/gcc/arm-none-eabi/13.3.1/thumb/v8-m.main+fp/softfp/libgcc.a(_udivmoddi4.o)
                              /Users/sparshg/.local/arm-gnu-toolchain-13.3.rel1-darwin-arm64-arm-none-eabi/bin/../lib/gcc/arm-none-eabi/13.3.1/thumb/v8-m.main+fp/softfp/libgcc.a(_aeabi_ldivmod.o) (__udivmoddi4)
/Users/sparshg/.local/arm-gnu-toolchain-13.3.rel1-darwin-arm64-arm-none-eabi/bin/../lib/gcc/arm-none-eabi/13.3.1/thumb/v8-m.main+fp/softfp/libgcc.a(_dvmd_tls.o)
                              /Users/sparshg/.local/arm-gnu-toolchain-13.3.rel1-darwin-arm64-arm-none-eabi/bin/../lib/gcc/arm-none-eabi/13.3.1/thumb/v8-m.main+fp/softfp/libgcc.a(_aeabi_ldivmod.o) (__aeabi_ldiv0)
/Users/sparshg/.local/arm-gnu-toolchain-13.3.rel1-darwin-arm64-arm-none-eabi/bin/../lib/gcc/arm-none-eabi/13.3.1/../../../../arm-none-eabi/lib/thumb/v8-m.main+fp/softfp/libg.a(libc_a-calloc.o)
                              CMakeFiles/rp2350a_blink.dir/pico-sdk/src/rp2_common/pico_malloc/malloc.c.o (calloc)
/Users/sparshg/.local/arm-gnu-toolchain-13.3.rel1-darwin-arm64-arm-none-eabi/bin/../lib/gcc/arm-none-eabi/13.3.1/../../../../arm-none-eabi/lib/thumb/v8-m.main+fp/softfp/libg.a(libc_a-callocr.o)
                              /Users/sparshg/.local/arm-gnu-toolchain-13.3.rel1-darwin-arm64-arm-none-eabi/bin/../lib/gcc/arm-none-eabi/13.3.1/../../../../arm-none-eabi/lib/thumb/v8-m.main+fp/softfp/libg.a(libc_a-calloc.o) (_calloc_r)
/Users/sparshg/.local/arm-gnu-toolchain-13.3.rel1-darwin-arm64-arm-none-eabi/bin/../lib/gcc/arm-none-eabi/13.3.1/../../../../arm-none-eabi/lib/thumb/v8-m.main+fp/softfp/libg.a(libc_a-malloc.o)
                              CMakeFiles/rp2350a_blink.dir/pico-sdk/src/rp2_common/pico_malloc/malloc.c.o (malloc)
/Users/sparshg/.local/arm-gnu-toolchain-13.3.rel1-darwin-arm64-arm-none-eabi/bin/../lib/gcc/arm-none-eabi/13.3.1/../../../../arm-none-eabi/lib/thumb/v8-m.main+fp/softfp/libg.a(libc_a-mallocr.o)
                              /Users/sparshg/.local/arm-gnu-toolchain-13.3.rel1-darwin-arm64-arm-none-eabi/bin/../lib/gcc/arm-none-eabi/13.3.1/../../../../arm-none-eabi/lib/thumb/v8-m.main+fp/softfp/libg.a(libc_a-callocr.o) (_malloc_r)
/Users/sparshg/.local/arm-gnu-toolchain-13.3.rel1-darwin-arm64-arm-none-eabi/bin/../lib/gcc/arm-none-eabi/13.3.1/../../../../arm-none-eabi/lib/thumb/v8-m.main+fp/softfp/libg.a(libc_a-mlock.o)
                              /Users/sparshg/.local/arm-gnu-toolchain-13.3.rel1-darwin-arm64-arm-none-eabi/bin/../lib/gcc/arm-none-eabi/13.3.1/../../../../arm-none-eabi/lib/thumb/v8-m.main+fp/softfp/libg.a(libc_a-mallocr.o) (__malloc_lock)
/Users/sparshg/.local/arm-gnu-toolchain-13.3.rel1-darwin-arm64-arm-none-eabi/bin/../lib/gcc/arm-none-eabi/13.3.1/../../../../arm-none-eabi/lib/thumb/v8-m.main+fp/softfp/libg.a(libc_a-realloc.o)
                              CMakeFiles/rp2350a_blink.dir/pico-sdk/src/rp2_common/pico_malloc/malloc.c.o (realloc)
/Users/sparshg/.local/arm-gnu-toolchain-13.3.rel1-darwin-arm64-arm-none-eabi/bin/../lib/gcc/arm-none-eabi/13.3.1/../../../../arm-none-eabi/lib/thumb/v8-m.main+fp/softfp/libg.a(libc_a-reallocr.o)
[...]
Memory Configuration

Name             Origin             Length             Attributes
FLASH            0x10000000         0x00400000         xr
RAM              0x20000000         0x00080000         xrw
SCRATCH_X        0x20080000         0x00001000         xrw
SCRATCH_Y        0x20081000         0x00001000         xrw
*default*        0x00000000         0xffffffff

Linker script and memory map

LOAD /Users/sparshg/.local/arm-gnu-toolchain-13.3.rel1-darwin-arm64-arm-none-eabi/bin/../lib/gcc/arm-none-eabi/13.3.1/thumb/v8-m.main+fp/softfp/crti.o
LOAD /Users/sparshg/.local/arm-gnu-toolchain-13.3.rel1-darwin-arm64-arm-none-eabi/bin/../lib/gcc/arm-none-eabi/13.3.1/thumb/v8-m.main+fp/softfp/crtbegin.o
LOAD /Users/sparshg/.local/arm-gnu-toolchain-13.3.rel1-darwin-arm64-arm-none-eabi/bin/../lib/gcc/arm-none-eabi/13.3.1/../../../../arm-none-eabi/lib/thumb/v8-m.main+fp/softfp/crt0.o

.flash_begin    0x10000000        0x0
                0x10000000                        __flash_binary_start = .

.text           0x10000000     0x14b4
                0x10000000                        __logical_binary_start = .
 *(.vectors)
 .vectors       0x10000000      0x124 CMakeFiles/rp2350a_blink.dir/pico-sdk/src/rp2_common/pico_crt0/crt0.S.o
                0x10000000                __VECTOR_TABLE
                0x10000000                __vectors
                0x10000110                __unhandled_user_irq
                0x10000110                isr_irq49
                0x10000110                isr_irq13
                0x10000110                isr_irq43
                0x10000110                isr_irq45
                0x10000110                isr_irq27
                0x10000110                isr_irq32
                0x10000110                isr_irq31
                0x10000110                isr_irq5
                0x10000110                isr_irq11
                0x10000110                isr_irq23
                0x10000110                isr_usagefault
                0x10000110                isr_irq48
                0x10000110                isr_irq35
                0x10000110                isr_irq18
                0x10000110                isr_irq50
                0x10000110                isr_irq9
                0x10000110                isr_irq30
                0x10000110                isr_irq16
                0x10000110                isr_irq44
                0x10000110                isr_irq29
                0x10000110                isr_irq26
                0x10000110                isr_irq33
                0x10000110                isr_irq3
                0x10000110                isr_irq12
                0x10000110                isr_securefault
                0x10000110                isr_irq40
                0x10000110                isr_irq28
                0x10000110                isr_irq19
                0x10000110                isr_irq36
                0x10000110                isr_irq41
                0x10000110                isr_irq0
                0x10000110                isr_irq6
                0x10000110                isr_memmanage
                0x10000110                isr_irq37
                0x10000110                isr_irq42
                0x10000110                isr_irq22
                0x10000110                isr_irq17
                0x10000110                isr_irq38
                0x10000110                isr_irq14
                0x10000110                __vectors_end
                0x10000110                __default_isrs_start
                0x10000110                isr_irq2
                0x10000110                isr_irq10
                0x10000110                isr_irq8
                0x10000110                isr_debugmonitor
                0x10000110                isr_irq24
                0x10000110                isr_irq46
                0x10000110                isr_irq1
                0x10000110                isr_irq47
                0x10000110                isr_irq51
                0x10000110                isr_irq7
                0x10000110                isr_irq21
                0x10000110                isr_irq39
                0x10000110                isr_irq20
                0x10000110                isr_irq15
                0x10000110                isr_irq25
                0x10000110                isr_irq34
                0x10000110                isr_irq4
                0x10000110                isr_busfault
                0x10000116                unhandled_user_irq_num_in_r0
                0x10000118                isr_invalid
                0x1000011a                isr_nmi
                0x1000011c                isr_hardfault
                0x1000011e                isr_svcall
                0x10000120                isr_pendsv
                0x10000122                isr_systick
                0x10000124                __default_isrs_end
 *(.binary_info_header)
 .binary_info_header
                0x10000124       0x14 CMakeFiles/rp2350a_blink.dir/pico-sdk/src/rp2_common/pico_crt0/crt0.S.o
                0x10000138                        __binary_info_header_end = .
 *(.embedded_block)
 .embedded_block
                0x10000138       0x14 CMakeFiles/rp2350a_blink.dir/pico-sdk/src/rp2_common/pico_crt0/crt0.S.o
                0x1000014c                        __embedded_block_end = .
 *(.reset)
 .reset         0x1000014c       0x98 CMakeFiles/rp2350a_blink.dir/pico-sdk/src/rp2_common/pico_crt0/crt0.S.o
                0x1000014c                _entry_point
 *(.init)
 .init          0x100001e4        0x4 /Users/sparshg/.local/arm-gnu-toolchain-13.3.rel1-darwin-arm64-arm-none-eabi/bin/../lib/gcc/arm-none-eabi/13.3.1/thumb/v8-m.main+fp/softfp/crti.o
                0x100001e4                _init
 SORT_BY_NAME(REVERSE(*libgcc.a:cmse_nonsecure_call.o))()
 *(EXCLUDE_FILE(*libm.a: *libc.a:*lib_a-mem*.o *libgcc.a:) .text*)
 .text.register_tm_clones
                0x100001e8       0x28 /Users/sparshg/.local/arm-gnu-toolchain-13.3.rel1-darwin-arm64-arm-none-eabi/bin/../lib/gcc/arm-none-eabi/13.3.1/thumb/v8-m.main+fp/softfp/crtbegin.o
 .text.frame_dummy
                0x10000210       0x24 /Users/sparshg/.local/arm-gnu-toolchain-13.3.rel1-darwin-arm64-arm-none-eabi/bin/../lib/gcc/arm-none-eabi/13.3.1/thumb/v8-m.main+fp/softfp/crtbegin.o
 .text.startup.main
                0x10000234       0x34 CMakeFiles/rp2350a_blink.dir/rp2350a.cpp.o
                0x10000234                main
 .text.gpio_init
                0x10000268       0x48 CMakeFiles/rp2350a_blink.dir/pico-sdk/src/rp2_common/hardware_gpio/gpio.c.o
                0x10000268                gpio_init
 .text.panic    0x100002b0       0x30 CMakeFiles/rp2350a_blink.dir/pico-sdk/src/rp2_common/pico_platform_panic/panic.c.o
                0x100002b0                panic
 .text.hw_claim_or_assert
                0x100002e0       0x58 CMakeFiles/rp2350a_blink.dir/pico-sdk/src/common/hardware_claim/claim.c.o
                0x100002e0                hw_claim_or_assert
 .text.next_striped_spin_lock_num
                0x10000338       0x18 CMakeFiles/rp2350a_blink.dir/pico-sdk/src/rp2_common/hardware_sync/sync.c.o
                0x10000338                next_striped_spin_lock_num
 .text.spinlock_set_extexclall
                0x10000350       0x10 CMakeFiles/rp2350a_blink.dir/pico-sdk/src/rp2_common/hardware_sync_spin_lock/sync_spin_lock.c.o
 .text.spin_locks_reset
                0x10000360       0x18 CMakeFiles/rp2350a_blink.dir/pico-sdk/src/rp2_common/hardware_sync_spin_lock/sync_spin_lock.c.o
                0x10000360                spin_locks_reset
 .text.runtime_init_per_core_irq_priorities
                0x10000378       0x40 CMakeFiles/rp2350a_blink.dir/pico-sdk/src/rp2_common/hardware_irq/irq.c.o
                0x10000378                runtime_init_per_core_irq_priorities
 .text.irq_set_enabled
                0x100003b8       0x2c CMakeFiles/rp2350a_blink.dir/pico-sdk/src/rp2_common/hardware_irq/irq.c.o
                0x100003b8                irq_set_enabled
 .text.irq_set_exclusive_handler
                0x100003e4       0x60 CMakeFiles/rp2350a_blink.dir/pico-sdk/src/rp2_common/hardware_irq/irq.c.o
                0x100003e4                irq_set_exclusive_handler
 .text.lock_init
                0x10000444        0xc CMakeFiles/rp2350a_blink.dir/pico-sdk/src/common/pico_sync/lock_core.c.o
                0x10000444                lock_init
 .text.runtime_init_mutex
                0x10000450       0x4c CMakeFiles/rp2350a_blink.dir/pico-sdk/src/common/pico_sync/mutex.c.o
                0x10000450                runtime_init_mutex
 .text.sleep_until_callback
                0x1000049c       0x3c CMakeFiles/rp2350a_blink.dir/pico-sdk/src/common/pico_time/time.c.o
 .text.alarm_pool_irq_handler
                0x100004d8      0x2f0 CMakeFiles/rp2350a_blink.dir/pico-sdk/src/common/pico_time/time.c.o
 .text.runtime_init_default_alarm_pool
                0x100007c8      0x100 CMakeFiles/rp2350a_blink.dir/pico-sdk/src/common/pico_time/time.c.o
                0x100007c8                runtime_init_default_alarm_pool
 .text.alarm_pool_add_alarm_at_force_in_context
                0x100008c8       0xc8 CMakeFiles/rp2350a_blink.dir/pico-sdk/src/common/pico_time/time.c.o
                0x100008c8                alarm_pool_add_alarm_at_force_in_context
 .text.alarm_pool_cancel_alarm
                0x10000990       0x80 CMakeFiles/rp2350a_blink.dir/pico-sdk/src/common/pico_time/time.c.o
                0x10000990                alarm_pool_cancel_alarm
 .text.sleep_until
                0x10000a10       0xbc CMakeFiles/rp2350a_blink.dir/pico-sdk/src/common/pico_time/time.c.o
                0x10000a10                sleep_until
 .text.sleep_ms
                0x10000acc       0x2c CMakeFiles/rp2350a_blink.dir/pico-sdk/src/common/pico_time/time.c.o
                0x10000acc                sleep_ms
 .text.best_effort_wfe_or_timeout
                0x10000af8       0xbc CMakeFiles/rp2350a_blink.dir/pico-sdk/src/common/pico_time/time.c.o
                0x10000af8                best_effort_wfe_or_timeout
 .text.timer_hardware_alarm_claim
                0x10000bb4       0x24 CMakeFiles/rp2350a_blink.dir/pico-sdk/src/rp2_common/hardware_timer/timer.c.o
                0x10000bb4                timer_hardware_alarm_claim
 .text.timer_time_us_64
                0x10000bd8       0x10 CMakeFiles/rp2350a_blink.dir/pico-sdk/src/rp2_common/hardware_timer/timer.c.o
                0x10000bd8                timer_time_us_64
 .text.time_us_64
                0x10000be8       0x14 CMakeFiles/rp2350a_blink.dir/pico-sdk/src/rp2_common/hardware_timer/timer.c.o
                0x10000be8                time_us_64
 .text.busy_wait_until
                0x10000bfc       0x24 CMakeFiles/rp2350a_blink.dir/pico-sdk/src/rp2_common/hardware_timer/timer.c.o
                0x10000bfc                busy_wait_until
 .text.clock_configure_undivided
                0x10000c20       0xd0 CMakeFiles/rp2350a_blink.dir/pico-sdk/src/rp2_common/hardware_clocks/clocks.c.o
                0x10000c20                clock_configure_undivided
 .text.clock_get_hz
                0x10000cf0        0xc CMakeFiles/rp2350a_blink.dir/pico-sdk/src/rp2_common/hardware_clocks/clocks.c.o
                0x10000cf0                clock_get_hz
 .text.pll_init
                0x10000cfc       0x8c CMakeFiles/rp2350a_blink.dir/pico-sdk/src/rp2_common/hardware_pll/pll.c.o
                0x10000cfc                pll_init
 .text.tick_start
                0x10000d88       0x18 CMakeFiles/rp2350a_blink.dir/pico-sdk/src/rp2_common/hardware_ticks/ticks.c.o
                0x10000d88                tick_start
 .text.rom_func_lookup
                0x10000da0       0x18 CMakeFiles/rp2350a_blink.dir/pico-sdk/src/rp2_common/pico_bootrom/bootrom.c.o
                0x10000da0                rom_func_lookup
 .text.runtime_init_bootrom_locking_enable
                0x10000db8       0x14 CMakeFiles/rp2350a_blink.dir/pico-sdk/src/rp2_common/pico_bootrom/bootrom_lock.c.o
                0x10000db8                runtime_init_bootrom_locking_enable
 .text.runtime_init_boot_locks_reset
                0x10000dcc       0x1c CMakeFiles/rp2350a_blink.dir/pico-sdk/src/rp2_common/hardware_boot_lock/boot_lock.c.o
                0x10000dcc                runtime_init_boot_locks_reset
 .text.xosc_init
                0x10000de8       0x30 CMakeFiles/rp2350a_blink.dir/pico-sdk/src/rp2_common/hardware_xosc/xosc.c.o
                0x10000de8                xosc_init
 .text.first_per_core_initializer
                0x10000e18        0x4 CMakeFiles/rp2350a_blink.dir/pico-sdk/src/rp2_common/pico_runtime/runtime.c.o
 .text.hard_assertion_failure
                0x10000e1c        0xc CMakeFiles/rp2350a_blink.dir/pico-sdk/src/rp2_common/pico_runtime/runtime.c.o
                0x10000e1c                hard_assertion_failure
 .text.runtime_run_initializers
                0x10000e28       0x20 CMakeFiles/rp2350a_blink.dir/pico-sdk/src/rp2_common/pico_runtime/runtime.c.o
                0x10000e28                runtime_run_initializers
 .text.runtime_init_early_resets
                0x10000e48       0x34 CMakeFiles/rp2350a_blink.dir/pico-sdk/src/rp2_common/pico_runtime_init/runtime_init.c.o
                0x10000e48                runtime_init_early_resets
 .text.runtime_init_usb_power_down
                0x10000e7c       0x1c CMakeFiles/rp2350a_blink.dir/pico-sdk/src/rp2_common/pico_runtime_init/runtime_init.c.o
                0x10000e7c                runtime_init_usb_power_down
 .text.runtime_init_per_core_enable_coprocessors
                0x10000e98       0x1c CMakeFiles/rp2350a_blink.dir/pico-sdk/src/rp2_common/pico_runtime_init/runtime_init.c.o
                0x10000e98                runtime_init_per_core_enable_coprocessors
 .text.runtime_init_post_clock_resets
                0x10000eb4       0x20 CMakeFiles/rp2350a_blink.dir/pico-sdk/src/rp2_common/pico_runtime_init/runtime_init.c.o
                0x10000eb4                runtime_init_post_clock_resets
 .text.runtime_init_bootrom_reset
                0x10000ed4       0x14 CMakeFiles/rp2350a_blink.dir/pico-sdk/src/rp2_common/pico_runtime_init/runtime_init.c.o
                0x10000ed4                runtime_init_bootrom_reset
 .text.runtime_init_per_core_bootrom_reset
                0x10000ee8       0x14 CMakeFiles/rp2350a_blink.dir/pico-sdk/src/rp2_common/pico_runtime_init/runtime_init.c.o
                0x10000ee8                runtime_init_per_core_bootrom_reset
 .text.runtime_init_spin_locks_reset
                0x10000efc        0x4 CMakeFiles/rp2350a_blink.dir/pico-sdk/src/rp2_common/pico_runtime_init/runtime_init.c.o
                0x10000efc                runtime_init_spin_locks_reset
 .text.runtime_init_install_ram_vector_table
                0x10000f00       0x68 CMakeFiles/rp2350a_blink.dir/pico-sdk/src/rp2_common/pico_runtime_init/runtime_init.c.o
                0x10000f00                runtime_init_install_ram_vector_table
 .text.runtime_init_clocks
                0x10000f68       0xdc CMakeFiles/rp2350a_blink.dir/pico-sdk/src/rp2_common/pico_runtime_init/runtime_init_clocks.c.o
                0x10000f68                runtime_init_clocks
 .text._out_char
                0x10001044        0x8 CMakeFiles/rp2350a_blink.dir/pico-sdk/src/rp2_common/pico_printf/printf.c.o
 .text.weak_raw_vprintf
                0x1000104c       0x30 CMakeFiles/rp2350a_blink.dir/pico-sdk/src/rp2_common/pico_printf/printf.c.o
                0x1000104c                weak_raw_vprintf
 .text._exit    0x1000107c        0x4 CMakeFiles/rp2350a_blink.dir/pico-sdk/src/rp2_common/pico_clib_interface/newlib_interface.c.o
                0x1000107c                _exit
 .text.exit     0x10001080        0x8 CMakeFiles/rp2350a_blink.dir/pico-sdk/src/rp2_common/pico_clib_interface/newlib_interface.c.o
                0x10001080                exit
 .text.runtime_init
                0x10001088       0x24 CMakeFiles/rp2350a_blink.dir/pico-sdk/src/rp2_common/pico_clib_interface/newlib_interface.c.o
                0x10001088                runtime_init
 .text.stdio_out_chars_no_crlf
                0x100010ac        0x8 CMakeFiles/rp2350a_blink.dir/pico-sdk/src/rp2_common/pico_stdio/stdio.c.o
 .text.stdio_out_chars_crlf
                0x100010b4       0xac CMakeFiles/rp2350a_blink.dir/pico-sdk/src/rp2_common/pico_stdio/stdio.c.o
 .text.stdio_put_string
                0x10001160       0xf0 CMakeFiles/rp2350a_blink.dir/pico-sdk/src/rp2_common/pico_stdio/stdio.c.o
                0x10001160                stdio_put_string
 .text.__wrap_putchar
                0x10001250       0x84 CMakeFiles/rp2350a_blink.dir/pico-sdk/src/rp2_common/pico_stdio/stdio.c.o
                0x10001250                stdio_putchar
                0x10001250                __wrap_putchar
 .text.__wrap_puts
                0x100012d4       0x3c CMakeFiles/rp2350a_blink.dir/pico-sdk/src/rp2_common/pico_stdio/stdio.c.o
                0x100012d4                __wrap_puts
                0x100012d4                stdio_puts
 .text          0x10001310       0xec /Users/sparshg/.local/arm-gnu-toolchain-13.3.rel1-darwin-arm64-arm-none-eabi/bin/../lib/gcc/arm-none-eabi/13.3.1/../../../../arm-none-eabi/lib/thumb/v8-m.main+fp/softfp/libg.a(libc_a-memcpy.o)
                0x10001310                memcpy
 .text.strlen   0x100013fc       0x5c /Users/sparshg/.local/arm-gnu-toolchain-13.3.rel1-darwin-arm64-arm-none-eabi/bin/../lib/gcc/arm-none-eabi/13.3.1/../../../../arm-none-eabi/lib/thumb/v8-m.main+fp/softfp/libg.a(libc_a-strlen-stub.o)
                0x100013fc                strlen
 *(.fini)
 .fini          0x10001458        0x4 /Users/sparshg/.local/arm-gnu-toolchain-13.3.rel1-darwin-arm64-arm-none-eabi/bin/../lib/gcc/arm-none-eabi/13.3.1/thumb/v8-m.main+fp/softfp/crti.o
                0x10001458                _fini
 *fill*         0x1000145c        0x4 
 .fini.__stub   0x10001460       0x10 linker stubs
 *crtbegin.o(.ctors)
 *crtbegin?.o(.ctors)
 *(EXCLUDE_FILE(*crtend.o *crtend?.o) .ctors)
 *(SORT_BY_NAME(.ctors.*))
 *(.ctors)
 *crtbegin.o(.dtors)
 *crtbegin?.o(.dtors)
 *(EXCLUDE_FILE(*crtend.o *crtend?.o) .dtors)
 *(SORT_BY_NAME(.dtors.*))
 *(.dtors)
                0x10001470                        . = ALIGN (0x4)
                0x10001470                        PROVIDE (__preinit_array_start = .)
 *(SORT_BY_NAME(.preinit_array.*))
 .preinit_array.00050
                0x10001470        0x4 CMakeFiles/rp2350a_blink.dir/pico-sdk/src/rp2_common/pico_runtime_init/runtime_init.c.o
                0x10001470                __pre_init_runtime_init_bootrom_reset
 .preinit_array.00100
                0x10001474        0x4 CMakeFiles/rp2350a_blink.dir/pico-sdk/src/rp2_common/pico_runtime_init/runtime_init.c.o
                0x10001474                __pre_init_runtime_init_early_resets
 .preinit_array.00101
                0x10001478        0x4 CMakeFiles/rp2350a_blink.dir/pico-sdk/src/rp2_common/pico_runtime_init/runtime_init.c.o
                0x10001478                __pre_init_runtime_init_usb_power_down
 .preinit_array.00500
                0x1000147c        0x4 CMakeFiles/rp2350a_blink.dir/pico-sdk/src/rp2_common/pico_runtime_init/runtime_init.c.o
                0x1000147c                __pre_init_runtime_init_clocks
 .preinit_array.00600
                0x10001480        0x4 CMakeFiles/rp2350a_blink.dir/pico-sdk/src/rp2_common/pico_runtime_init/runtime_init.c.o
                0x10001480                __pre_init_runtime_init_post_clock_resets
 .preinit_array.01000
                0x10001484        0x4 CMakeFiles/rp2350a_blink.dir/pico-sdk/src/rp2_common/hardware_boot_lock/boot_lock.c.o
                0x10001484                __pre_init_runtime_init_boot_locks_reset
 .preinit_array.01000
                0x10001488        0x4 CMakeFiles/rp2350a_blink.dir/pico-sdk/src/rp2_common/pico_runtime_init/runtime_init.c.o
                0x10001488                __pre_init_runtime_init_spin_locks_reset
 .preinit_array.01010
                0x1000148c        0x4 CMakeFiles/rp2350a_blink.dir/pico-sdk/src/rp2_common/pico_bootrom/bootrom_lock.c.o
                0x1000148c                __pre_init_runtime_init_bootrom_locking_enable
 .preinit_array.01100
                0x10001490        0x4 CMakeFiles/rp2350a_blink.dir/pico-sdk/src/common/pico_sync/mutex.c.o
                0x10001490                __pre_init_runtime_init_mutex
 .preinit_array.10080
                0x10001494        0x4 CMakeFiles/rp2350a_blink.dir/pico-sdk/src/rp2_common/pico_runtime_init/runtime_init.c.o
                0x10001494                __pre_init_runtime_init_install_ram_vector_table
 .preinit_array.11000
                0x10001498        0x4 CMakeFiles/rp2350a_blink.dir/pico-sdk/src/common/pico_time/time.c.o
                0x10001498                __pre_init_runtime_init_default_alarm_pool
 .preinit_array.YYYYY
                0x1000149c        0x4 CMakeFiles/rp2350a_blink.dir/pico-sdk/src/rp2_common/pico_runtime/runtime.c.o
                0x1000149c                __pre_init_first_per_core_initializer
 .preinit_array.ZZZZZ.00051
                0x100014a0        0x4 CMakeFiles/rp2350a_blink.dir/pico-sdk/src/rp2_common/pico_runtime_init/runtime_init.c.o
                0x100014a0                __pre_init_runtime_init_per_core_bootrom_reset
 .preinit_array.ZZZZZ.00200
                0x100014a4        0x4 CMakeFiles/rp2350a_blink.dir/pico-sdk/src/rp2_common/pico_runtime_init/runtime_init.c.o
                0x100014a4                __pre_init_runtime_init_per_core_enable_coprocessors
 .preinit_array.ZZZZZ.01000
                0x100014a8        0x4 CMakeFiles/rp2350a_blink.dir/pico-sdk/src/rp2_common/hardware_sync_spin_lock/sync_spin_lock.c.o
                0x100014a8                __pre_init_spinlock_set_extexclall
 .preinit_array.ZZZZZ.01200
                0x100014ac        0x4 CMakeFiles/rp2350a_blink.dir/pico-sdk/src/rp2_common/hardware_irq/irq.c.o
                0x100014ac                __pre_init_runtime_init_per_core_irq_priorities
 *(.preinit_array)
                0x100014b0                        PROVIDE (__preinit_array_end = .)
                0x100014b0                        . = ALIGN (0x4)
                0x100014b0                        PROVIDE (__init_array_start = .)
 *(SORT_BY_NAME(.init_array.*))
 *(.init_array)
 .init_array    0x100014b0        0x4 /Users/sparshg/.local/arm-gnu-toolchain-13.3.rel1-darwin-arm64-arm-none-eabi/bin/../lib/gcc/arm-none-eabi/13.3.1/thumb/v8-m.main+fp/softfp/crtbegin.o
                0x100014b4                        PROVIDE (__init_array_end = .)
                0x100014b4                        . = ALIGN (0x4)
                [!provide]                        PROVIDE (__fini_array_start = .)
 *(SORT_BY_NAME(.fini_array.*))
 *(.fini_array)
                [!provide]                        PROVIDE (__fini_array_end = .)
 *(.eh_frame*)
 .eh_frame      0x100014b4        0x0 /Users/sparshg/.local/arm-gnu-toolchain-13.3.rel1-darwin-arm64-arm-none-eabi/bin/../lib/gcc/arm-none-eabi/13.3.1/thumb/v8-m.main+fp/softfp/crtbegin.o
                0x100014b4                        . = ALIGN (0x4)

.glue_7         0x100014b4        0x0
 .glue_7        0x100014b4        0x0 linker stubs

.glue_7t        0x100014b4        0x0
 .glue_7t       0x100014b4        0x0 linker stubs

.vfp11_veneer   0x100014b4        0x0
 .vfp11_veneer  0x100014b4        0x0 linker stubs

.v4_bx          0x100014b4        0x0
 .v4_bx         0x100014b4        0x0 linker stubs

.iplt           0x100014b4        0x0
 .iplt          0x100014b4        0x0 /Users/sparshg/.local/arm-gnu-toolchain-13.3.rel1-darwin-arm64-arm-none-eabi/bin/../lib/gcc/arm-none-eabi/13.3.1/thumb/v8-m.main+fp/softfp/crtbegin.o

.boot2          0x100014b4        0x0
                0x100014b4                        __boot2_start__ = .
 *(.boot2)
                0x100014b4                        __boot2_end__ = .
                0x00000001                        ASSERT (((__boot2_end__ - __boot2_start__) <= 0x100), ERROR: Pico second stage bootloader must be no more than 256 bytes in size)

.rodata         0x100014b4       0xe0
 *(EXCLUDE_FILE(*libm.a: *libc.a:*lib_a-mem*.o *libgcc.a:) .rodata*)
 .rodata.panic.str1.4
                0x100014b4       0x88 CMakeFiles/rp2350a_blink.dir/pico-sdk/src/rp2_common/pico_platform_panic/panic.c.o
                                 0x12 (size before relaxing)
 .rodata.timer_hardware_alarm_claim.str1.4
                0x1000153c       0x22 CMakeFiles/rp2350a_blink.dir/pico-sdk/src/rp2_common/hardware_timer/timer.c.o
 .rodata.hard_assertion_failure.str1.4
                0x1000153c        0xc CMakeFiles/rp2350a_blink.dir/pico-sdk/src/rp2_common/pico_runtime/runtime.c.o
 .rodata.str1.4
                0x1000153c       0x44 CMakeFiles/rp2350a_blink.dir/pico-sdk/src/rp2_common/pico_standard_binary_info/standard_binary_info.c.o
 .rodata.__bi_84
                0x1000153c        0xc CMakeFiles/rp2350a_blink.dir/pico-sdk/src/rp2_common/pico_standard_binary_info/standard_binary_info.c.o
 .rodata.__bi_78
                0x10001548        0xc CMakeFiles/rp2350a_blink.dir/pico-sdk/src/rp2_common/pico_standard_binary_info/standard_binary_info.c.o
 .rodata.__bi_54
                0x10001554        0xc CMakeFiles/rp2350a_blink.dir/pico-sdk/src/rp2_common/pico_standard_binary_info/standard_binary_info.c.o
 .rodata.__bi_48
                0x10001560        0xc CMakeFiles/rp2350a_blink.dir/pico-sdk/src/rp2_common/pico_standard_binary_info/standard_binary_info.c.o
 .rodata.__bi_42
                0x1000156c        0xc CMakeFiles/rp2350a_blink.dir/pico-sdk/src/rp2_common/pico_standard_binary_info/standard_binary_info.c.o
 .rodata.__bi_34
                0x10001578        0xc CMakeFiles/rp2350a_blink.dir/pico-sdk/src/rp2_common/pico_standard_binary_info/standard_binary_info.c.o
 .rodata.__bi_26
                0x10001584        0xc CMakeFiles/rp2350a_blink.dir/pico-sdk/src/rp2_common/pico_standard_binary_info/standard_binary_info.c.o
 .rodata.crlf_str.0
                0x10001590        0x2 CMakeFiles/rp2350a_blink.dir/pico-sdk/src/rp2_common/pico_stdio/stdio.c.o
 *(.srodata*)
                0x10001594                        . = ALIGN (0x4)
 *fill*         0x10001592        0x2 
 *(SORT_BY_ALIGNMENT(SORT_BY_NAME(.flashdata*)))
                0x10001594                        . = ALIGN (0x4)

.ARM.extab
 *(.ARM.extab* .gnu.linkonce.armextab.*)
                0x10001594                        __exidx_start = .

.ARM.exidx      0x10001594        0x8
 *(.ARM.exidx* .gnu.linkonce.armexidx.*)
 .ARM.exidx     0x10001594        0x8 /Users/sparshg/.local/arm-gnu-toolchain-13.3.rel1-darwin-arm64-arm-none-eabi/bin/../lib/gcc/arm-none-eabi/13.3.1/../../../../arm-none-eabi/lib/thumb/v8-m.main+fp/softfp/libg.a(libc_a-memcpy.o)
                0x1000159c                        __exidx_end = .
                0x1000159c                        . = ALIGN (0x4)
                0x1000159c                        __binary_info_start = .

.binary_info    0x1000159c       0x1c
 *(.binary_info.keep.*)
 .binary_info.keep.__bi_ptr84
                0x1000159c        0x4 CMakeFiles/rp2350a_blink.dir/pico-sdk/src/rp2_common/pico_standard_binary_info/standard_binary_info.c.o
 .binary_info.keep.__bi_ptr78
                0x100015a0        0x4 CMakeFiles/rp2350a_blink.dir/pico-sdk/src/rp2_common/pico_standard_binary_info/standard_binary_info.c.o
 .binary_info.keep.__bi_ptr54
                0x100015a4        0x4 CMakeFiles/rp2350a_blink.dir/pico-sdk/src/rp2_common/pico_standard_binary_info/standard_binary_info.c.o
 .binary_info.keep.__bi_ptr48
                0x100015a8        0x4 CMakeFiles/rp2350a_blink.dir/pico-sdk/src/rp2_common/pico_standard_binary_info/standard_binary_info.c.o
 .binary_info.keep.__bi_ptr42
                0x100015ac        0x4 CMakeFiles/rp2350a_blink.dir/pico-sdk/src/rp2_common/pico_standard_binary_info/standard_binary_info.c.o
 .binary_info.keep.__bi_ptr34
                0x100015b0        0x4 CMakeFiles/rp2350a_blink.dir/pico-sdk/src/rp2_common/pico_standard_binary_info/standard_binary_info.c.o
 .binary_info.keep.__bi_ptr26
                0x100015b4        0x4 CMakeFiles/rp2350a_blink.dir/pico-sdk/src/rp2_common/pico_standard_binary_info/standard_binary_info.c.o
 *(.binary_info.*)
                0x100015b8                        __binary_info_end = .
                0x100015b8                        . = ALIGN (0x4)

.ram_vector_table
                0x20000000      0x110
 *(.ram_vector_table)
 .ram_vector_table
                0x20000000      0x110 CMakeFiles/rp2350a_blink.dir/pico-sdk/src/rp2_common/pico_runtime_init/runtime_init.c.o
                0x20000000                ram_vector_table

.uninitialized_data
                0x20000110        0x0
                0x20000110                        . = ALIGN (0x4)
 *(.uninitialized_data*)

.data           0x20000110      0x144 load address 0x100015b8
                0x20000110                        __data_start__ = .
 *(vtable)
 *(.time_critical*)
 .time_critical.mutex_enter_block_until
                0x20000110       0x70 CMakeFiles/rp2350a_blink.dir/pico-sdk/src/common/pico_sync/mutex.c.o
                0x20000110                mutex_enter_block_until
 .time_critical.mutex_try_enter_block_until
                0x20000180       0x6c CMakeFiles/rp2350a_blink.dir/pico-sdk/src/common/pico_sync/mutex.c.o
                0x20000180                mutex_try_enter_block_until
 .time_critical.mutex_exit
                0x200001ec       0x3c CMakeFiles/rp2350a_blink.dir/pico-sdk/src/common/pico_sync/mutex.c.o
                0x200001ec                mutex_exit
 .time_critical.mutex_exit.__stub
                0x20000228        0x8 linker stubs
 *(.text*)
                0x20000230                        . = ALIGN (0x4)
 *(.rodata*)
                0x20000230                        . = ALIGN (0x4)
 *(.data*)
 .data.striped_spin_lock_num
                0x20000230        0x1 CMakeFiles/rp2350a_blink.dir/pico-sdk/src/rp2_common/hardware_sync/sync.c.o
 *fill*         0x20000231        0x3 
 .data.default_alarm_pool
                0x20000234       0x18 CMakeFiles/rp2350a_blink.dir/pico-sdk/src/common/pico_time/time.c.o
 *(.sdata*)
                0x2000024c                        . = ALIGN (0x4)
 *(.after_data.*)
                0x2000024c                        . = ALIGN (0x4)
                0x2000024c                        PROVIDE (__mutex_array_start = .)
 *(SORT_BY_NAME(.mutex_array.*))
 *(.mutex_array)
 .mutex_array   0x2000024c        0x8 CMakeFiles/rp2350a_blink.dir/pico-sdk/src/rp2_common/pico_stdio/stdio.c.o
                0x20000254                        PROVIDE (__mutex_array_end = .)
 *(.jcr)
                0x20000254                        . = ALIGN (0x4)

.tm_clone_table
                0x20000254        0x0 load address 0x100016fc
 .tm_clone_table
                0x20000254        0x0 /Users/sparshg/.local/arm-gnu-toolchain-13.3.rel1-darwin-arm64-arm-none-eabi/bin/../lib/gcc/arm-none-eabi/13.3.1/thumb/v8-m.main+fp/softfp/crtbegin.o
 .tm_clone_table
                0x20000254        0x0 /Users/sparshg/.local/arm-gnu-toolchain-13.3.rel1-darwin-arm64-arm-none-eabi/bin/../lib/gcc/arm-none-eabi/13.3.1/thumb/v8-m.main+fp/softfp/crtend.o

.igot.plt       0x20000254        0x0 load address 0x100016fc
 .igot.plt      0x20000254        0x0 /Users/sparshg/.local/arm-gnu-toolchain-13.3.rel1-darwin-arm64-arm-none-eabi/bin/../lib/gcc/arm-none-eabi/13.3.1/thumb/v8-m.main+fp/softfp/crtbegin.o

.tdata          0x20000254        0x0 load address 0x100016fc
                0x20000254                        . = ALIGN (0x4)
 *(.tdata .tdata.* .gnu.linkonce.td.*)
                0x20000254                        __tdata_end = .
                0x20000254                        PROVIDE (__data_end__ = .)
                0x100015b8                        __etext = LOADADDR (.data)

.tbss           0x20000254        0x0 load address 0x100016fc
                0x20000254                        . = ALIGN (0x4)
                0x20000254                        __bss_start__ = .
                0x20000254                        __tls_base = .
 *(.tbss .tbss.* .gnu.linkonce.tb.*)
 *(.tcommon)
                0x20000254                        __tls_end = .

.bss            0x20000258      0x214 load address 0x100016fc
                0x20000258                        . = ALIGN (0x4)
                0x20000258                        __tbss_end = .
 *(SORT_BY_ALIGNMENT(SORT_BY_NAME(.bss*)))
 .bss.default_alarm_pool_entries
                0x20000258      0x180 CMakeFiles/rp2350a_blink.dir/pico-sdk/src/common/pico_time/time.c.o
 .bss._sw_spin_locks
                0x200003d8       0x20 CMakeFiles/rp2350a_blink.dir/pico-sdk/src/rp2_common/hardware_sync_spin_lock/sync_spin_lock.c.o
                0x200003d8                _sw_spin_locks
 .bss.claimed   0x200003f8        0x2 CMakeFiles/rp2350a_blink.dir/pico-sdk/src/rp2_common/hardware_timer/timer.c.o
 *fill*         0x200003fa        0x2 
 .bss.configured_freq
                0x200003fc       0x28 CMakeFiles/rp2350a_blink.dir/pico-sdk/src/rp2_common/hardware_clocks/clocks.c.o
 .bss.drivers   0x20000424        0x4 CMakeFiles/rp2350a_blink.dir/pico-sdk/src/rp2_common/pico_stdio/stdio.c.o
 .bss.filter    0x20000428        0x4 CMakeFiles/rp2350a_blink.dir/pico-sdk/src/rp2_common/pico_stdio/stdio.c.o
 .bss.lazy_vsnprintf
                0x2000042c        0x4 CMakeFiles/rp2350a_blink.dir/pico-sdk/src/rp2_common/pico_printf/printf.c.o
 .bss.object.0  0x20000430       0x18 /Users/sparshg/.local/arm-gnu-toolchain-13.3.rel1-darwin-arm64-arm-none-eabi/bin/../lib/gcc/arm-none-eabi/13.3.1/thumb/v8-m.main+fp/softfp/crtbegin.o
 .bss.pools     0x20000448       0x20 CMakeFiles/rp2350a_blink.dir/pico-sdk/src/common/pico_time/time.c.o
 .bss.sleep_notifier
                0x20000468        0x4 CMakeFiles/rp2350a_blink.dir/pico-sdk/src/common/pico_time/time.c.o
 *(COMMON)
                [!provide]                        PROVIDE (__global_pointer$ = (. + 0x800))
 *(.sbss*)
                0x2000046c                        . = ALIGN (0x4)
                0x2000046c                        __bss_end__ = .

.heap           0x2000046c      0x800 load address 0x100016fc
                0x2000046c                        __end__ = .
                0x2000046c                        end = __end__
 *(.heap*)
 .heap          0x2000046c      0x800 CMakeFiles/rp2350a_blink.dir/pico-sdk/src/rp2_common/pico_crt0/crt0.S.o
                0x20080000                        __HeapLimit = (ORIGIN (RAM) + LENGTH (RAM))

.scratch_x      0x20080000        0x0 load address 0x100016fc
                0x20080000                        __scratch_x_start__ = .
 *(.scratch_x.*)
                0x20080000                        . = ALIGN (0x4)
                0x20080000                        __scratch_x_end__ = .
                0x100016fc                        __scratch_x_source__ = LOADADDR (.scratch_x)

.scratch_y      0x20081000        0x0 load address 0x100016fc
                0x20081000                        __scratch_y_start__ = .
 *(.scratch_y.*)
                0x20081000                        . = ALIGN (0x4)
                0x20081000                        __scratch_y_end__ = .
                0x100016fc                        __scratch_y_source__ = LOADADDR (.scratch_y)

.stack1_dummy
 *(.stack1*)

.stack_dummy    0x20081000      0x800
 *(.stack*)
 .stack         0x20081000      0x800 CMakeFiles/rp2350a_blink.dir/pico-sdk/src/rp2_common/pico_crt0/crt0.S.o

.flash_end      0x100016fc       0x14
 *(.embedded_end_block*)
 .embedded_end_block
                0x100016fc       0x14 CMakeFiles/rp2350a_blink.dir/pico-sdk/src/rp2_common/pico_crt0/crt0.S.o
                0x10001710                        PROVIDE (__flash_binary_end = .)
                0x20080000                        __StackLimit = (ORIGIN (RAM) + LENGTH (RAM))
                0x20081000                        __StackOneTop = (ORIGIN (SCRATCH_X) + LENGTH (SCRATCH_X))
                0x20082000                        __StackTop = (ORIGIN (SCRATCH_Y) + LENGTH (SCRATCH_Y))
                0x20081000                        __StackOneBottom = (__StackOneTop - SIZEOF (.stack1_dummy))
                0x20081800                        __StackBottom = (__StackTop - SIZEOF (.stack_dummy))
                0x20082000                        PROVIDE (__stack = __StackTop)
                [!provide]                        PROVIDE (__heap_start = __end__)
                [!provide]                        PROVIDE (__heap_end = __HeapLimit)
                [!provide]                        PROVIDE (__tls_align = MAX (ALIGNOF (.tdata), ALIGNOF (.tbss)))
                [!provide]                        PROVIDE (__tls_size_align = (((__tls_size + __tls_align) - 0x1) & ~ ((__tls_align - 0x1))))
                [!provide]                        PROVIDE (__arm32_tls_tcb_offset = MAX (0x8, __tls_align))
                [!provide]                        PROVIDE (_end = __end__)
                [!provide]                        PROVIDE (__llvm_libc_heap_limit = __HeapLimit)
                0x00000001                        ASSERT ((__StackLimit >= __HeapLimit), region RAM overflowed)
                0x00000001                        ASSERT (((__binary_info_header_end - __logical_binary_start) <= 0x400), Binary info must be in first 1024 bytes of the binary)
                0x00000001                        ASSERT (((__embedded_block_end - __logical_binary_start) <= 0x1000), Embedded block must be in first 4096 bytes of the binary)
LOAD CMakeFiles/rp2350a_blink.dir/rp2350a.cpp.o
LOAD CMakeFiles/rp2350a_blink.dir/pico-sdk/src/rp2_common/pico_stdlib/stdlib.c.o
LOAD CMakeFiles/rp2350a_blink.dir/pico-sdk/src/rp2_common/hardware_gpio/gpio.c.o
LOAD CMakeFiles/rp2350a_blink.dir/pico-sdk/src/rp2350/pico_platform/platform.c.o
LOAD CMakeFiles/rp2350a_blink.dir/pico-sdk/src/rp2_common/pico_platform_common/common.c.o
LOAD CMakeFiles/rp2350a_blink.dir/pico-sdk/src/rp2_common/pico_platform_panic/panic.c.o
LOAD CMakeFiles/rp2350a_blink.dir/pico-sdk/src/common/hardware_claim/claim.c.o
LOAD CMakeFiles/rp2350a_blink.dir/pico-sdk/src/rp2_common/hardware_sync/sync.c.o
LOAD CMakeFiles/rp2350a_blink.dir/pico-sdk/src/rp2_common/hardware_sync_spin_lock/sync_spin_lock.c.o
LOAD CMakeFiles/rp2350a_blink.dir/pico-sdk/src/rp2_common/hardware_irq/irq.c.o
LOAD CMakeFiles/rp2350a_blink.dir/pico-sdk/src/rp2_common/hardware_irq/irq_handler_chain.S.o
LOAD CMakeFiles/rp2350a_blink.dir/pico-sdk/src/common/pico_sync/sem.c.o
LOAD CMakeFiles/rp2350a_blink.dir/pico-sdk/src/common/pico_sync/lock_core.c.o
LOAD CMakeFiles/rp2350a_blink.dir/pico-sdk/src/common/pico_sync/mutex.c.o
LOAD CMakeFiles/rp2350a_blink.dir/pico-sdk/src/common/pico_sync/critical_section.c.o
LOAD CMakeFiles/rp2350a_blink.dir/pico-sdk/src/common/pico_time/time.c.o
LOAD CMakeFiles/rp2350a_blink.dir/pico-sdk/src/common/pico_time/timeout_helper.c.o
LOAD CMakeFiles/rp2350a_blink.dir/pico-sdk/src/rp2_common/hardware_timer/timer.c.o
LOAD CMakeFiles/rp2350a_blink.dir/pico-sdk/src/common/pico_util/datetime.c.o
LOAD CMakeFiles/rp2350a_blink.dir/pico-sdk/src/common/pico_util/pheap.c.o
LOAD CMakeFiles/rp2350a_blink.dir/pico-sdk/src/common/pico_util/queue.c.o
LOAD CMakeFiles/rp2350a_blink.dir/pico-sdk/src/rp2_common/hardware_uart/uart.c.o
LOAD CMakeFiles/rp2350a_blink.dir/pico-sdk/src/rp2_common/hardware_clocks/clocks.c.o
LOAD CMakeFiles/rp2350a_blink.dir/pico-sdk/src/rp2_common/hardware_pll/pll.c.o
LOAD CMakeFiles/rp2350a_blink.dir/pico-sdk/src/rp2_common/hardware_vreg/vreg.c.o
LOAD CMakeFiles/rp2350a_blink.dir/pico-sdk/src/rp2_common/hardware_watchdog/watchdog.c.o
LOAD CMakeFiles/rp2350a_blink.dir/pico-sdk/src/rp2_common/hardware_ticks/ticks.c.o
LOAD CMakeFiles/rp2350a_blink.dir/pico-sdk/src/rp2_common/pico_bootrom/bootrom.c.o
LOAD CMakeFiles/rp2350a_blink.dir/pico-sdk/src/rp2_common/pico_bootrom/bootrom_lock.c.o
LOAD CMakeFiles/rp2350a_blink.dir/pico-sdk/src/rp2_common/hardware_boot_lock/boot_lock.c.o
LOAD CMakeFiles/rp2350a_blink.dir/pico-sdk/src/rp2_common/pico_flash/flash.c.o
LOAD CMakeFiles/rp2350a_blink.dir/pico-sdk/src/rp2_common/hardware_xosc/xosc.c.o
LOAD CMakeFiles/rp2350a_blink.dir/pico-sdk/src/rp2_common/hardware_divider/divider.c.o
LOAD CMakeFiles/rp2350a_blink.dir/pico-sdk/src/rp2_common/pico_runtime/runtime.c.o
LOAD CMakeFiles/rp2350a_blink.dir/pico-sdk/src/rp2_common/pico_runtime_init/runtime_init.c.o
LOAD CMakeFiles/rp2350a_blink.dir/pico-sdk/src/rp2_common/pico_runtime_init/runtime_init_clocks.c.o
LOAD CMakeFiles/rp2350a_blink.dir/pico-sdk/src/rp2_common/pico_runtime_init/runtime_init_stack_guard.c.o
LOAD CMakeFiles/rp2350a_blink.dir/pico-sdk/src/rp2_common/pico_bit_ops/bit_ops_aeabi.S.o
LOAD CMakeFiles/rp2350a_blink.dir/pico-sdk/src/rp2_common/pico_divider/divider_compiler.c.o
LOAD CMakeFiles/rp2350a_blink.dir/pico-sdk/src/rp2_common/pico_double/double_math.c.o
LOAD CMakeFiles/rp2350a_blink.dir/pico-sdk/src/rp2_common/pico_double/double_aeabi_dcp.S.o
LOAD CMakeFiles/rp2350a_blink.dir/pico-sdk/src/rp2_common/pico_double/double_fma_dcp.S.o
LOAD CMakeFiles/rp2350a_blink.dir/pico-sdk/src/rp2_common/pico_double/double_sci_m33.S.o
LOAD CMakeFiles/rp2350a_blink.dir/pico-sdk/src/rp2_common/pico_double/double_conv_m33.S.o
LOAD CMakeFiles/rp2350a_blink.dir/pico-sdk/src/rp2_common/pico_float/float_math.c.o
LOAD CMakeFiles/rp2350a_blink.dir/pico-sdk/src/rp2_common/pico_float/float_conv32_vfp.S.o
LOAD CMakeFiles/rp2350a_blink.dir/pico-sdk/src/rp2_common/pico_float/float_common_m33.S.o
LOAD CMakeFiles/rp2350a_blink.dir/pico-sdk/src/rp2_common/pico_float/float_sci_m33_vfp.S.o
LOAD CMakeFiles/rp2350a_blink.dir/pico-sdk/src/rp2_common/pico_malloc/malloc.c.o
LOAD CMakeFiles/rp2350a_blink.dir/pico-sdk/src/rp2_common/pico_atomic/atomic.c.o
LOAD CMakeFiles/rp2350a_blink.dir/pico-sdk/src/rp2_common/pico_cxx_options/new_delete.cpp.o
LOAD CMakeFiles/rp2350a_blink.dir/pico-sdk/src/rp2_common/pico_standard_binary_info/standard_binary_info.c.o
LOAD CMakeFiles/rp2350a_blink.dir/pico-sdk/src/rp2_common/pico_printf/printf.c.o
LOAD CMakeFiles/rp2350a_blink.dir/pico-sdk/src/rp2_common/pico_crt0/crt0.S.o
LOAD CMakeFiles/rp2350a_blink.dir/pico-sdk/src/rp2_common/pico_clib_interface/newlib_interface.c.o
LOAD CMakeFiles/rp2350a_blink.dir/pico-sdk/src/rp2_common/pico_stdio/stdio.c.o
LOAD CMakeFiles/rp2350a_blink.dir/pico-sdk/src/rp2_common/pico_stdio_uart/stdio_uart.c.o
LOAD pico-sdk/src/rp2350/boot_stage2/CMakeFiles/bs2_default_library.dir/bs2_default_padded_checksummed.S.o
LOAD /Users/sparshg/.local/arm-gnu-toolchain-13.3.rel1-darwin-arm64-arm-none-eabi/bin/../lib/gcc/arm-none-eabi/13.3.1/../../../../arm-none-eabi/lib/thumb/v8-m.main+fp/softfp/libstdc++.a
LOAD /Users/sparshg/.local/arm-gnu-toolchain-13.3.rel1-darwin-arm64-arm-none-eabi/bin/../lib/gcc/arm-none-eabi/13.3.1/../../../../arm-none-eabi/lib/thumb/v8-m.main+fp/softfp/libm.a
START GROUP
LOAD /Users/sparshg/.local/arm-gnu-toolchain-13.3.rel1-darwin-arm64-arm-none-eabi/bin/../lib/gcc/arm-none-eabi/13.3.1/thumb/v8-m.main+fp/softfp/libgcc.a
LOAD /Users/sparshg/.local/arm-gnu-toolchain-13.3.rel1-darwin-arm64-arm-none-eabi/bin/../lib/gcc/arm-none-eabi/13.3.1/../../../../arm-none-eabi/lib/thumb/v8-m.main+fp/softfp/libg.a
LOAD /Users/sparshg/.local/arm-gnu-toolchain-13.3.rel1-darwin-arm64-arm-none-eabi/bin/../lib/gcc/arm-none-eabi/13.3.1/../../../../arm-none-eabi/lib/thumb/v8-m.main+fp/softfp/libc.a
END GROUP
START GROUP
LOAD /Users/sparshg/.local/arm-gnu-toolchain-13.3.rel1-darwin-arm64-arm-none-eabi/bin/../lib/gcc/arm-none-eabi/13.3.1/thumb/v8-m.main+fp/softfp/libgcc.a
LOAD /Users/sparshg/.local/arm-gnu-toolchain-13.3.rel1-darwin-arm64-arm-none-eabi/bin/../lib/gcc/arm-none-eabi/13.3.1/../../../../arm-none-eabi/lib/thumb/v8-m.main+fp/softfp/libc.a
LOAD /Users/sparshg/.local/arm-gnu-toolchain-13.3.rel1-darwin-arm64-arm-none-eabi/bin/../lib/gcc/arm-none-eabi/13.3.1/../../../../arm-none-eabi/lib/thumb/v8-m.main+fp/softfp/libnosys.a
END GROUP
LOAD /Users/sparshg/.local/arm-gnu-toolchain-13.3.rel1-darwin-arm64-arm-none-eabi/bin/../lib/gcc/arm-none-eabi/13.3.1/thumb/v8-m.main+fp/softfp/crtend.o
LOAD /Users/sparshg/.local/arm-gnu-toolchain-13.3.rel1-darwin-arm64-arm-none-eabi/bin/../lib/gcc/arm-none-eabi/13.3.1/thumb/v8-m.main+fp/softfp/crtn.o
OUTPUT(rp2350a_blink.elf elf32-littlearm)
LOAD linker stubs

.rel.dyn        0x10001710        0x0
 .rel.iplt      0x10001710        0x0 /Users/sparshg/.local/arm-gnu-toolchain-13.3.rel1-darwin-arm64-arm-none-eabi/bin/../lib/gcc/arm-none-eabi/13.3.1/thumb/v8-m.main+fp/softfp/crtbegin.o

.ARM.attributes
                0x00000000       0x34
 .ARM.attributes
                0x00000000       0x26 /Users/sparshg/.local/arm-gnu-toolchain-13.3.rel1-darwin-arm64-arm-none-eabi/bin/../lib/gcc/arm-none-eabi/13.3.1/thumb/v8-m.main+fp/softfp/crti.o
 .ARM.attributes
                0x00000026       0x36 /Users/sparshg/.local/arm-gnu-toolchain-13.3.rel1-darwin-arm64-arm-none-eabi/bin/../lib/gcc/arm-none-eabi/13.3.1/thumb/v8-m.main+fp/softfp/crtbegin.o
 .ARM.attributes
                0x0000005c       0x38 CMakeFiles/rp2350a_blink.dir/rp2350a.cpp.o
 .ARM.attributes
                0x00000094       0x38 CMakeFiles/rp2350a_blink.dir/pico-sdk/src/rp2_common/hardware_gpio/gpio.c.o
 .ARM.attributes
                0x000000cc       0x38 CMakeFiles/rp2350a_blink.dir/pico-sdk/src/rp2_common/pico_platform_panic/panic.c.o
 .ARM.attributes
                0x00000104       0x38 CMakeFiles/rp2350a_blink.dir/pico-sdk/src/common/hardware_claim/claim.c.o
 .ARM.attributes
                0x0000013c       0x38 CMakeFiles/rp2350a_blink.dir/pico-sdk/src/rp2_common/hardware_sync/sync.c.o
 .ARM.attributes
                0x00000174       0x38 CMakeFiles/rp2350a_blink.dir/pico-sdk/src/rp2_common/hardware_sync_spin_lock/sync_spin_lock.c.o
 .ARM.attributes
                0x000001ac       0x38 CMakeFiles/rp2350a_blink.dir/pico-sdk/src/rp2_common/hardware_irq/irq.c.o
 .ARM.attributes
                0x000001e4       0x38 CMakeFiles/rp2350a_blink.dir/pico-sdk/src/common/pico_sync/lock_core.c.o
 .ARM.attributes
                0x0000021c       0x38 CMakeFiles/rp2350a_blink.dir/pico-sdk/src/common/pico_sync/mutex.c.o
 .ARM.attributes
                0x00000254       0x38 CMakeFiles/rp2350a_blink.dir/pico-sdk/src/common/pico_time/time.c.o
 .ARM.attributes
                0x0000028c       0x38 CMakeFiles/rp2350a_blink.dir/pico-sdk/src/rp2_common/hardware_timer/timer.c.o
 .ARM.attributes
                0x000002c4       0x38 CMakeFiles/rp2350a_blink.dir/pico-sdk/src/rp2_common/hardware_clocks/clocks.c.o
 .ARM.attributes
                0x000002fc       0x38 CMakeFiles/rp2350a_blink.dir/pico-sdk/src/rp2_common/hardware_pll/pll.c.o
 .ARM.attributes
                0x00000334       0x38 CMakeFiles/rp2350a_blink.dir/pico-sdk/src/rp2_common/hardware_ticks/ticks.c.o
 .ARM.attributes
                0x0000036c       0x38 CMakeFiles/rp2350a_blink.dir/pico-sdk/src/rp2_common/pico_bootrom/bootrom.c.o
 .ARM.attributes
                0x000003a4       0x38 CMakeFiles/rp2350a_blink.dir/pico-sdk/src/rp2_common/pico_bootrom/bootrom_lock.c.o
 .ARM.attributes
                0x000003dc       0x38 CMakeFiles/rp2350a_blink.dir/pico-sdk/src/rp2_common/hardware_boot_lock/boot_lock.c.o
 .ARM.attributes
                0x00000414       0x38 CMakeFiles/rp2350a_blink.dir/pico-sdk/src/rp2_common/hardware_xosc/xosc.c.o
 .ARM.attributes
                0x0000044c       0x38 CMakeFiles/rp2350a_blink.dir/pico-sdk/src/rp2_common/pico_runtime/runtime.c.o
 .ARM.attributes
                0x00000484       0x38 CMakeFiles/rp2350a_blink.dir/pico-sdk/src/rp2_common/pico_runtime_init/runtime_init.c.o
 .ARM.attributes
                0x000004bc       0x38 CMakeFiles/rp2350a_blink.dir/pico-sdk/src/rp2_common/pico_runtime_init/runtime_init_clocks.c.o
 .ARM.attributes
                0x000004f4       0x38 CMakeFiles/rp2350a_blink.dir/pico-sdk/src/rp2_common/pico_standard_binary_info/standard_binary_info.c.o
 .ARM.attributes
                0x0000052c       0x38 CMakeFiles/rp2350a_blink.dir/pico-sdk/src/rp2_common/pico_printf/printf.c.o
 .ARM.attributes
                0x00000564       0x28 CMakeFiles/rp2350a_blink.dir/pico-sdk/src/rp2_common/pico_crt0/crt0.S.o
 .ARM.attributes
                0x0000058c       0x38 CMakeFiles/rp2350a_blink.dir/pico-sdk/src/rp2_common/pico_clib_interface/newlib_interface.c.o
 .ARM.attributes
                0x000005c4       0x38 CMakeFiles/rp2350a_blink.dir/pico-sdk/src/rp2_common/pico_stdio/stdio.c.o
 .ARM.attributes
                0x000005fc       0x24 /Users/sparshg/.local/arm-gnu-toolchain-13.3.rel1-darwin-arm64-arm-none-eabi/bin/../lib/gcc/arm-none-eabi/13.3.1/../../../../arm-none-eabi/lib/thumb/v8-m.main+fp/softfp/libg.a(libc_a-memcpy.o)
 .ARM.attributes
                0x00000620       0x36 /Users/sparshg/.local/arm-gnu-toolchain-13.3.rel1-darwin-arm64-arm-none-eabi/bin/../lib/gcc/arm-none-eabi/13.3.1/../../../../arm-none-eabi/lib/thumb/v8-m.main+fp/softfp/libg.a(libc_a-strlen-stub.o)
 .ARM.attributes
                0x00000656       0x36 /Users/sparshg/.local/arm-gnu-toolchain-13.3.rel1-darwin-arm64-arm-none-eabi/bin/../lib/gcc/arm-none-eabi/13.3.1/thumb/v8-m.main+fp/softfp/crtend.o

.comment        0x00000000       0x45
 .comment       0x00000000       0x45 CMakeFiles/rp2350a_blink.dir/rp2350a.cpp.o
                                 0x46 (size before relaxing)
 .comment       0x00000045       0x46 CMakeFiles/rp2350a_blink.dir/pico-sdk/src/rp2_common/hardware_gpio/gpio.c.o
 .comment       0x00000045       0x46 CMakeFiles/rp2350a_blink.dir/pico-sdk/src/rp2_common/pico_platform_panic/panic.c.o
 .comment       0x00000045       0x46 CMakeFiles/rp2350a_blink.dir/pico-sdk/src/common/hardware_claim/claim.c.o
 .comment       0x00000045       0x46 CMakeFiles/rp2350a_blink.dir/pico-sdk/src/rp2_common/hardware_sync/sync.c.o
 .comment       0x00000045       0x46 CMakeFiles/rp2350a_blink.dir/pico-sdk/src/rp2_common/hardware_sync_spin_lock/sync_spin_lock.c.o
 .comment       0x00000045       0x46 CMakeFiles/rp2350a_blink.dir/pico-sdk/src/rp2_common/hardware_irq/irq.c.o
 .comment       0x00000045       0x46 CMakeFiles/rp2350a_blink.dir/pico-sdk/src/common/pico_sync/lock_core.c.o
 .comment       0x00000045       0x46 CMakeFiles/rp2350a_blink.dir/pico-sdk/src/common/pico_sync/mutex.c.o
 .comment       0x00000045       0x46 CMakeFiles/rp2350a_blink.dir/pico-sdk/src/common/pico_time/time.c.o
 .comment       0x00000045       0x46 CMakeFiles/rp2350a_blink.dir/pico-sdk/src/rp2_common/hardware_timer/timer.c.o
 .comment       0x00000045       0x46 CMakeFiles/rp2350a_blink.dir/pico-sdk/src/rp2_common/hardware_clocks/clocks.c.o
 .comment       0x00000045       0x46 CMakeFiles/rp2350a_blink.dir/pico-sdk/src/rp2_common/hardware_pll/pll.c.o
 .comment       0x00000045       0x46 CMakeFiles/rp2350a_blink.dir/pico-sdk/src/rp2_common/hardware_ticks/ticks.c.o
 .comment       0x00000045       0x46 CMakeFiles/rp2350a_blink.dir/pico-sdk/src/rp2_common/pico_bootrom/bootrom.c.o
 .comment       0x00000045       0x46 CMakeFiles/rp2350a_blink.dir/pico-sdk/src/rp2_common/pico_bootrom/bootrom_lock.c.o
 .comment       0x00000045       0x46 CMakeFiles/rp2350a_blink.dir/pico-sdk/src/rp2_common/hardware_boot_lock/boot_lock.c.o
 .comment       0x00000045       0x46 CMakeFiles/rp2350a_blink.dir/pico-sdk/src/rp2_common/hardware_xosc/xosc.c.o
 .comment       0x00000045       0x46 CMakeFiles/rp2350a_blink.dir/pico-sdk/src/rp2_common/pico_runtime/runtime.c.o
 .comment       0x00000045       0x46 CMakeFiles/rp2350a_blink.dir/pico-sdk/src/rp2_common/pico_runtime_init/runtime_init.c.o
 .comment       0x00000045       0x46 CMakeFiles/rp2350a_blink.dir/pico-sdk/src/rp2_common/pico_runtime_init/runtime_init_clocks.c.o
 .comment       0x00000045       0x46 CMakeFiles/rp2350a_blink.dir/pico-sdk/src/rp2_common/pico_standard_binary_info/standard_binary_info.c.o
 .comment       0x00000045       0x46 CMakeFiles/rp2350a_blink.dir/pico-sdk/src/rp2_common/pico_printf/printf.c.o
 .comment       0x00000045       0x46 CMakeFiles/rp2350a_blink.dir/pico-sdk/src/rp2_common/pico_clib_interface/newlib_interface.c.o
 .comment       0x00000045       0x46 CMakeFiles/rp2350a_blink.dir/pico-sdk/src/rp2_common/pico_stdio/stdio.c.o

.debug_info     0x00000000    0x1caad
 .debug_info    0x00000000      0x2e4 CMakeFiles/rp2350a_blink.dir/rp2350a.cpp.o
 .debug_info    0x000002e4     0x23e5 CMakeFiles/rp2350a_blink.dir/pico-sdk/src/rp2_common/hardware_gpio/gpio.c.o
 .debug_info    0x000026c9      0x1be CMakeFiles/rp2350a_blink.dir/pico-sdk/src/rp2_common/pico_platform_panic/panic.c.o
 .debug_info    0x00002887      0xb7c CMakeFiles/rp2350a_blink.dir/pico-sdk/src/common/hardware_claim/claim.c.o
 .debug_info    0x00003403      0x465 CMakeFiles/rp2350a_blink.dir/pico-sdk/src/rp2_common/hardware_sync/sync.c.o
 .debug_info    0x00003868     0x145e CMakeFiles/rp2350a_blink.dir/pico-sdk/src/rp2_common/hardware_sync_spin_lock/sync_spin_lock.c.o
 .debug_info    0x00004cc6     0x262b CMakeFiles/rp2350a_blink.dir/pico-sdk/src/rp2_common/hardware_irq/irq.c.o
 .debug_info    0x000072f1      0x187 CMakeFiles/rp2350a_blink.dir/pico-sdk/src/common/pico_sync/lock_core.c.o
 .debug_info    0x00007478     0x1e6f CMakeFiles/rp2350a_blink.dir/pico-sdk/src/common/pico_sync/mutex.c.o
 .debug_info    0x000092e7     0x4c64 CMakeFiles/rp2350a_blink.dir/pico-sdk/src/common/pico_time/time.c.o
 .debug_info    0x0000df4b     0x30be CMakeFiles/rp2350a_blink.dir/pico-sdk/src/rp2_common/hardware_timer/timer.c.o
 .debug_info    0x00011009     0x28cd CMakeFiles/rp2350a_blink.dir/pico-sdk/src/rp2_common/hardware_clocks/clocks.c.o
 .debug_info    0x000138d6      0x507 CMakeFiles/rp2350a_blink.dir/pico-sdk/src/rp2_common/hardware_pll/pll.c.o
 .debug_info    0x00013ddd      0x26c CMakeFiles/rp2350a_blink.dir/pico-sdk/src/rp2_common/hardware_ticks/ticks.c.o
 .debug_info    0x00014049     0x10b3 CMakeFiles/rp2350a_blink.dir/pico-sdk/src/rp2_common/pico_bootrom/bootrom.c.o
 .debug_info    0x000150fc      0x1c4 CMakeFiles/rp2350a_blink.dir/pico-sdk/src/rp2_common/pico_bootrom/bootrom_lock.c.o
 .debug_info    0x000152c0      0x316 CMakeFiles/rp2350a_blink.dir/pico-sdk/src/rp2_common/hardware_boot_lock/boot_lock.c.o
 .debug_info    0x000155d6      0x1b1 CMakeFiles/rp2350a_blink.dir/pico-sdk/src/rp2_common/hardware_xosc/xosc.c.o
 .debug_info    0x00015787      0x21a CMakeFiles/rp2350a_blink.dir/pico-sdk/src/rp2_common/pico_runtime/runtime.c.o
 .debug_info    0x000159a1     0x1c34 CMakeFiles/rp2350a_blink.dir/pico-sdk/src/rp2_common/pico_runtime_init/runtime_init.c.o
 .debug_info    0x000175d5      0x7c8 CMakeFiles/rp2350a_blink.dir/pico-sdk/src/rp2_common/pico_runtime_init/runtime_init_clocks.c.o
 .debug_info    0x00017d9d      0x2b8 CMakeFiles/rp2350a_blink.dir/pico-sdk/src/rp2_common/pico_standard_binary_info/standard_binary_info.c.o
 .debug_info    0x00018055     0x208d CMakeFiles/rp2350a_blink.dir/pico-sdk/src/rp2_common/pico_printf/printf.c.o
 .debug_info    0x0001a0e2       0x23 CMakeFiles/rp2350a_blink.dir/pico-sdk/src/rp2_common/pico_crt0/crt0.S.o
 .debug_info    0x0001a105      0xc25 CMakeFiles/rp2350a_blink.dir/pico-sdk/src/rp2_common/pico_clib_interface/newlib_interface.c.o
 .debug_info    0x0001ad2a     0x1d83 CMakeFiles/rp2350a_blink.dir/pico-sdk/src/rp2_common/pico_stdio/stdio.c.o

.debug_abbrev   0x00000000     0x4dd3
 .debug_abbrev  0x00000000      0x174 CMakeFiles/rp2350a_blink.dir/rp2350a.cpp.o
 .debug_abbrev  0x00000174      0x535 CMakeFiles/rp2350a_blink.dir/pico-sdk/src/rp2_common/hardware_gpio/gpio.c.o
 .debug_abbrev  0x000006a9      0x12b CMakeFiles/rp2350a_blink.dir/pico-sdk/src/rp2_common/pico_platform_panic/panic.c.o
 .debug_abbrev  0x000007d4      0x35c CMakeFiles/rp2350a_blink.dir/pico-sdk/src/common/hardware_claim/claim.c.o
 .debug_abbrev  0x00000b30      0x22d CMakeFiles/rp2350a_blink.dir/pico-sdk/src/rp2_common/hardware_sync/sync.c.o
 .debug_abbrev  0x00000d5d      0x26e CMakeFiles/rp2350a_blink.dir/pico-sdk/src/rp2_common/hardware_sync_spin_lock/sync_spin_lock.c.o
 .debug_abbrev  0x00000fcb      0x628 CMakeFiles/rp2350a_blink.dir/pico-sdk/src/rp2_common/hardware_irq/irq.c.o
 .debug_abbrev  0x000015f3      0x11e CMakeFiles/rp2350a_blink.dir/pico-sdk/src/common/pico_sync/lock_core.c.o
 .debug_abbrev  0x00001711      0x49b CMakeFiles/rp2350a_blink.dir/pico-sdk/src/common/pico_sync/mutex.c.o
 .debug_abbrev  0x00001bac      0x65c CMakeFiles/rp2350a_blink.dir/pico-sdk/src/common/pico_time/time.c.o
 .debug_abbrev  0x00002208      0x4f9 CMakeFiles/rp2350a_blink.dir/pico-sdk/src/rp2_common/hardware_timer/timer.c.o
 .debug_abbrev  0x00002701      0x4fc CMakeFiles/rp2350a_blink.dir/pico-sdk/src/rp2_common/hardware_clocks/clocks.c.o
 .debug_abbrev  0x00002bfd      0x1a8 CMakeFiles/rp2350a_blink.dir/pico-sdk/src/rp2_common/hardware_pll/pll.c.o
 .debug_abbrev  0x00002da5      0x146 CMakeFiles/rp2350a_blink.dir/pico-sdk/src/rp2_common/hardware_ticks/ticks.c.o
 .debug_abbrev  0x00002eeb      0x456 CMakeFiles/rp2350a_blink.dir/pico-sdk/src/rp2_common/pico_bootrom/bootrom.c.o
 .debug_abbrev  0x00003341       0xfb CMakeFiles/rp2350a_blink.dir/pico-sdk/src/rp2_common/pico_bootrom/bootrom_lock.c.o
 .debug_abbrev  0x0000343c      0x1de CMakeFiles/rp2350a_blink.dir/pico-sdk/src/rp2_common/hardware_boot_lock/boot_lock.c.o
 .debug_abbrev  0x0000361a      0x109 CMakeFiles/rp2350a_blink.dir/pico-sdk/src/rp2_common/hardware_xosc/xosc.c.o
 .debug_abbrev  0x00003723      0x182 CMakeFiles/rp2350a_blink.dir/pico-sdk/src/rp2_common/pico_runtime/runtime.c.o
 .debug_abbrev  0x000038a5      0x310 CMakeFiles/rp2350a_blink.dir/pico-sdk/src/rp2_common/pico_runtime_init/runtime_init.c.o
 .debug_abbrev  0x00003bb5      0x29d CMakeFiles/rp2350a_blink.dir/pico-sdk/src/rp2_common/pico_runtime_init/runtime_init_clocks.c.o
 .debug_abbrev  0x00003e52       0xb8 CMakeFiles/rp2350a_blink.dir/pico-sdk/src/rp2_common/pico_standard_binary_info/standard_binary_info.c.o
 .debug_abbrev  0x00003f0a      0x540 CMakeFiles/rp2350a_blink.dir/pico-sdk/src/rp2_common/pico_printf/printf.c.o
 .debug_abbrev  0x0000444a       0x12 CMakeFiles/rp2350a_blink.dir/pico-sdk/src/rp2_common/pico_crt0/crt0.S.o
 .debug_abbrev  0x0000445c      0x375 CMakeFiles/rp2350a_blink.dir/pico-sdk/src/rp2_common/pico_clib_interface/newlib_interface.c.o
 .debug_abbrev  0x000047d1      0x602 CMakeFiles/rp2350a_blink.dir/pico-sdk/src/rp2_common/pico_stdio/stdio.c.o

.debug_loclists
                0x00000000     0xe601
 .debug_loclists
                0x00000000       0x9c CMakeFiles/rp2350a_blink.dir/rp2350a.cpp.o
 .debug_loclists
                0x0000009c     0x1911 CMakeFiles/rp2350a_blink.dir/pico-sdk/src/rp2_common/hardware_gpio/gpio.c.o
 .debug_loclists
                0x000019ad      0x451 CMakeFiles/rp2350a_blink.dir/pico-sdk/src/common/hardware_claim/claim.c.o
 .debug_loclists
                0x00001dfe      0x107 CMakeFiles/rp2350a_blink.dir/pico-sdk/src/rp2_common/hardware_sync/sync.c.o
 .debug_loclists
                0x00001f05       0xa2 CMakeFiles/rp2350a_blink.dir/pico-sdk/src/rp2_common/hardware_sync_spin_lock/sync_spin_lock.c.o
 .debug_loclists
                0x00001fa7     0x10e3 CMakeFiles/rp2350a_blink.dir/pico-sdk/src/rp2_common/hardware_irq/irq.c.o
 .debug_loclists
                0x0000308a       0x17 CMakeFiles/rp2350a_blink.dir/pico-sdk/src/common/pico_sync/lock_core.c.o
 .debug_loclists
                0x000030a1      0xae5 CMakeFiles/rp2350a_blink.dir/pico-sdk/src/common/pico_sync/mutex.c.o
 .debug_loclists
                0x00003b86     0x29e6 CMakeFiles/rp2350a_blink.dir/pico-sdk/src/common/pico_time/time.c.o
 .debug_loclists
                0x0000656c     0x1a37 CMakeFiles/rp2350a_blink.dir/pico-sdk/src/rp2_common/hardware_timer/timer.c.o
 .debug_loclists
                0x00007fa3     0x20ca CMakeFiles/rp2350a_blink.dir/pico-sdk/src/rp2_common/hardware_clocks/clocks.c.o
 .debug_loclists
                0x0000a06d      0x1b7 CMakeFiles/rp2350a_blink.dir/pico-sdk/src/rp2_common/hardware_pll/pll.c.o
 .debug_loclists
                0x0000a224       0x8b CMakeFiles/rp2350a_blink.dir/pico-sdk/src/rp2_common/hardware_ticks/ticks.c.o
 .debug_loclists
                0x0000a2af      0x80b CMakeFiles/rp2350a_blink.dir/pico-sdk/src/rp2_common/pico_bootrom/bootrom.c.o
 .debug_loclists
                0x0000aaba       0x28 CMakeFiles/rp2350a_blink.dir/pico-sdk/src/rp2_common/pico_bootrom/bootrom_lock.c.o
 .debug_loclists
                0x0000aae2       0x78 CMakeFiles/rp2350a_blink.dir/pico-sdk/src/rp2_common/hardware_boot_lock/boot_lock.c.o
 .debug_loclists
                0x0000ab5a       0x48 CMakeFiles/rp2350a_blink.dir/pico-sdk/src/rp2_common/hardware_xosc/xosc.c.o
 .debug_loclists
                0x0000aba2       0x7e CMakeFiles/rp2350a_blink.dir/pico-sdk/src/rp2_common/pico_runtime/runtime.c.o
 .debug_loclists
                0x0000ac20      0x129 CMakeFiles/rp2350a_blink.dir/pico-sdk/src/rp2_common/pico_runtime_init/runtime_init.c.o
 .debug_loclists
                0x0000ad49       0x74 CMakeFiles/rp2350a_blink.dir/pico-sdk/src/rp2_common/pico_runtime_init/runtime_init_clocks.c.o
 .debug_loclists
                0x0000adbd     0x290d CMakeFiles/rp2350a_blink.dir/pico-sdk/src/rp2_common/pico_printf/printf.c.o
 .debug_loclists
                0x0000d6ca      0x425 CMakeFiles/rp2350a_blink.dir/pico-sdk/src/rp2_common/pico_clib_interface/newlib_interface.c.o
 .debug_loclists
                0x0000daef      0xb12 CMakeFiles/rp2350a_blink.dir/pico-sdk/src/rp2_common/pico_stdio/stdio.c.o

.debug_aranges  0x00000000      0xa18
 .debug_aranges
                0x00000000       0x20 CMakeFiles/rp2350a_blink.dir/rp2350a.cpp.o
 .debug_aranges
                0x00000020      0x118 CMakeFiles/rp2350a_blink.dir/pico-sdk/src/rp2_common/hardware_gpio/gpio.c.o
 .debug_aranges
                0x00000138       0x28 CMakeFiles/rp2350a_blink.dir/pico-sdk/src/rp2_common/pico_platform_panic/panic.c.o
 .debug_aranges
                0x00000160       0x48 CMakeFiles/rp2350a_blink.dir/pico-sdk/src/common/hardware_claim/claim.c.o
 .debug_aranges
                0x000001a8       0x48 CMakeFiles/rp2350a_blink.dir/pico-sdk/src/rp2_common/hardware_sync/sync.c.o
 .debug_aranges
                0x000001f0       0x30 CMakeFiles/rp2350a_blink.dir/pico-sdk/src/rp2_common/hardware_sync_spin_lock/sync_spin_lock.c.o
 .debug_aranges
                0x00000220       0xb8 CMakeFiles/rp2350a_blink.dir/pico-sdk/src/rp2_common/hardware_irq/irq.c.o
 .debug_aranges
                0x000002d8       0x20 CMakeFiles/rp2350a_blink.dir/pico-sdk/src/common/pico_sync/lock_core.c.o
 .debug_aranges
                0x000002f8       0x98 CMakeFiles/rp2350a_blink.dir/pico-sdk/src/common/pico_sync/mutex.c.o
 .debug_aranges
                0x00000390       0xe0 CMakeFiles/rp2350a_blink.dir/pico-sdk/src/common/pico_time/time.c.o
 .debug_aranges
                0x00000470       0xf0 CMakeFiles/rp2350a_blink.dir/pico-sdk/src/rp2_common/hardware_timer/timer.c.o
 .debug_aranges
                0x00000560       0x90 CMakeFiles/rp2350a_blink.dir/pico-sdk/src/rp2_common/hardware_clocks/clocks.c.o
 .debug_aranges
                0x000005f0       0x28 CMakeFiles/rp2350a_blink.dir/pico-sdk/src/rp2_common/hardware_pll/pll.c.o
 .debug_aranges
                0x00000618       0x30 CMakeFiles/rp2350a_blink.dir/pico-sdk/src/rp2_common/hardware_ticks/ticks.c.o
 .debug_aranges
                0x00000648       0x60 CMakeFiles/rp2350a_blink.dir/pico-sdk/src/rp2_common/pico_bootrom/bootrom.c.o
 .debug_aranges
                0x000006a8       0x20 CMakeFiles/rp2350a_blink.dir/pico-sdk/src/rp2_common/pico_bootrom/bootrom_lock.c.o
 .debug_aranges
                0x000006c8       0x30 CMakeFiles/rp2350a_blink.dir/pico-sdk/src/rp2_common/hardware_boot_lock/boot_lock.c.o
 .debug_aranges
                0x000006f8       0x30 CMakeFiles/rp2350a_blink.dir/pico-sdk/src/rp2_common/hardware_xosc/xosc.c.o
 .debug_aranges
                0x00000728       0x38 CMakeFiles/rp2350a_blink.dir/pico-sdk/src/rp2_common/pico_runtime/runtime.c.o
 .debug_aranges
                0x00000760       0x58 CMakeFiles/rp2350a_blink.dir/pico-sdk/src/rp2_common/pico_runtime_init/runtime_init.c.o
 .debug_aranges
                0x000007b8       0x20 CMakeFiles/rp2350a_blink.dir/pico-sdk/src/rp2_common/pico_runtime_init/runtime_init_clocks.c.o
 .debug_aranges
                0x000007d8       0x18 CMakeFiles/rp2350a_blink.dir/pico-sdk/src/rp2_common/pico_standard_binary_info/standard_binary_info.c.o
 .debug_aranges
                0x000007f0       0x90 CMakeFiles/rp2350a_blink.dir/pico-sdk/src/rp2_common/pico_printf/printf.c.o
 .debug_aranges
                0x00000880       0x28 CMakeFiles/rp2350a_blink.dir/pico-sdk/src/rp2_common/pico_crt0/crt0.S.o
 .debug_aranges
                0x000008a8       0xa8 CMakeFiles/rp2350a_blink.dir/pico-sdk/src/rp2_common/pico_clib_interface/newlib_interface.c.o
 .debug_aranges
                0x00000950       0xc8 CMakeFiles/rp2350a_blink.dir/pico-sdk/src/rp2_common/pico_stdio/stdio.c.o

.debug_rnglists
                0x00000000     0x2ab0
 .debug_rnglists
                0x00000000       0x1f CMakeFiles/rp2350a_blink.dir/rp2350a.cpp.o
 .debug_rnglists
                0x0000001f      0x63b CMakeFiles/rp2350a_blink.dir/pico-sdk/src/rp2_common/hardware_gpio/gpio.c.o
 .debug_rnglists
                0x0000065a       0x19 CMakeFiles/rp2350a_blink.dir/pico-sdk/src/rp2_common/pico_platform_panic/panic.c.o
 .debug_rnglists
                0x00000673      0x104 CMakeFiles/rp2350a_blink.dir/pico-sdk/src/common/hardware_claim/claim.c.o
 .debug_rnglists
                0x00000777       0x67 CMakeFiles/rp2350a_blink.dir/pico-sdk/src/rp2_common/hardware_sync/sync.c.o
 .debug_rnglists
                0x000007de       0x43 CMakeFiles/rp2350a_blink.dir/pico-sdk/src/rp2_common/hardware_sync_spin_lock/sync_spin_lock.c.o
 .debug_rnglists
                0x00000821      0x3ea CMakeFiles/rp2350a_blink.dir/pico-sdk/src/rp2_common/hardware_irq/irq.c.o
 .debug_rnglists
                0x00000c0b       0x13 CMakeFiles/rp2350a_blink.dir/pico-sdk/src/common/pico_sync/lock_core.c.o
 .debug_rnglists
                0x00000c1e      0x2c1 CMakeFiles/rp2350a_blink.dir/pico-sdk/src/common/pico_sync/mutex.c.o
 .debug_rnglists
                0x00000edf      0x7ab CMakeFiles/rp2350a_blink.dir/pico-sdk/src/common/pico_time/time.c.o
 .debug_rnglists
                0x0000168a      0x499 CMakeFiles/rp2350a_blink.dir/pico-sdk/src/rp2_common/hardware_timer/timer.c.o
 .debug_rnglists
                0x00001b23      0x5fa CMakeFiles/rp2350a_blink.dir/pico-sdk/src/rp2_common/hardware_clocks/clocks.c.o
 .debug_rnglists
                0x0000211d       0x59 CMakeFiles/rp2350a_blink.dir/pico-sdk/src/rp2_common/hardware_pll/pll.c.o
 .debug_rnglists
                0x00002176       0x2b CMakeFiles/rp2350a_blink.dir/pico-sdk/src/rp2_common/hardware_ticks/ticks.c.o
 .debug_rnglists
                0x000021a1      0x116 CMakeFiles/rp2350a_blink.dir/pico-sdk/src/rp2_common/pico_bootrom/bootrom.c.o
 .debug_rnglists
                0x000022b7       0x13 CMakeFiles/rp2350a_blink.dir/pico-sdk/src/rp2_common/pico_bootrom/bootrom_lock.c.o
 .debug_rnglists
                0x000022ca       0x4f CMakeFiles/rp2350a_blink.dir/pico-sdk/src/rp2_common/hardware_boot_lock/boot_lock.c.o
 .debug_rnglists
                0x00002319       0x2b CMakeFiles/rp2350a_blink.dir/pico-sdk/src/rp2_common/hardware_xosc/xosc.c.o
 .debug_rnglists
                0x00002344       0x3d CMakeFiles/rp2350a_blink.dir/pico-sdk/src/rp2_common/pico_runtime/runtime.c.o
 .debug_rnglists
                0x00002381       0x7c CMakeFiles/rp2350a_blink.dir/pico-sdk/src/rp2_common/pico_runtime_init/runtime_init.c.o
 .debug_rnglists
                0x000023fd       0x2c CMakeFiles/rp2350a_blink.dir/pico-sdk/src/rp2_common/pico_runtime_init/runtime_init_clocks.c.o
 .debug_rnglists
                0x00002429      0x2bf CMakeFiles/rp2350a_blink.dir/pico-sdk/src/rp2_common/pico_printf/printf.c.o
 .debug_rnglists
                0x000026e8       0x1b CMakeFiles/rp2350a_blink.dir/pico-sdk/src/rp2_common/pico_crt0/crt0.S.o
 .debug_rnglists
                0x00002703       0xb5 CMakeFiles/rp2350a_blink.dir/pico-sdk/src/rp2_common/pico_clib_interface/newlib_interface.c.o
 .debug_rnglists
                0x000027b8      0x2f8 CMakeFiles/rp2350a_blink.dir/pico-sdk/src/rp2_common/pico_stdio/stdio.c.o

.debug_line     0x00000000    0x148f6
 .debug_line    0x00000000      0x340 CMakeFiles/rp2350a_blink.dir/rp2350a.cpp.o
 .debug_line    0x00000340     0x1cae CMakeFiles/rp2350a_blink.dir/pico-sdk/src/rp2_common/hardware_gpio/gpio.c.o
 .debug_line    0x00001fee      0x327 CMakeFiles/rp2350a_blink.dir/pico-sdk/src/rp2_common/pico_platform_panic/panic.c.o
 .debug_line    0x00002315      0x911 CMakeFiles/rp2350a_blink.dir/pico-sdk/src/common/hardware_claim/claim.c.o
 .debug_line    0x00002c26      0x4c5 CMakeFiles/rp2350a_blink.dir/pico-sdk/src/rp2_common/hardware_sync/sync.c.o
 .debug_line    0x000030eb      0x452 CMakeFiles/rp2350a_blink.dir/pico-sdk/src/rp2_common/hardware_sync_spin_lock/sync_spin_lock.c.o
 .debug_line    0x0000353d     0x1891 CMakeFiles/rp2350a_blink.dir/pico-sdk/src/rp2_common/hardware_irq/irq.c.o
 .debug_line    0x00004dce      0x308 CMakeFiles/rp2350a_blink.dir/pico-sdk/src/common/pico_sync/lock_core.c.o
 .debug_line    0x000050d6     0x1379 CMakeFiles/rp2350a_blink.dir/pico-sdk/src/common/pico_sync/mutex.c.o
 .debug_line    0x0000644f     0x3043 CMakeFiles/rp2350a_blink.dir/pico-sdk/src/common/pico_time/time.c.o
 .debug_line    0x00009492     0x1f64 CMakeFiles/rp2350a_blink.dir/pico-sdk/src/rp2_common/hardware_timer/timer.c.o
 .debug_line    0x0000b3f6     0x1fbb CMakeFiles/rp2350a_blink.dir/pico-sdk/src/rp2_common/hardware_clocks/clocks.c.o
 .debug_line    0x0000d3b1      0x5c5 CMakeFiles/rp2350a_blink.dir/pico-sdk/src/rp2_common/hardware_pll/pll.c.o
 .debug_line    0x0000d976      0x3e8 CMakeFiles/rp2350a_blink.dir/pico-sdk/src/rp2_common/hardware_ticks/ticks.c.o
 .debug_line    0x0000dd5e      0xcb7 CMakeFiles/rp2350a_blink.dir/pico-sdk/src/rp2_common/pico_bootrom/bootrom.c.o
 .debug_line    0x0000ea15      0x499 CMakeFiles/rp2350a_blink.dir/pico-sdk/src/rp2_common/pico_bootrom/bootrom_lock.c.o
 .debug_line    0x0000eeae      0x4d5 CMakeFiles/rp2350a_blink.dir/pico-sdk/src/rp2_common/hardware_boot_lock/boot_lock.c.o
 .debug_line    0x0000f383      0x41c CMakeFiles/rp2350a_blink.dir/pico-sdk/src/rp2_common/hardware_xosc/xosc.c.o
 .debug_line    0x0000f79f      0x3b1 CMakeFiles/rp2350a_blink.dir/pico-sdk/src/rp2_common/pico_runtime/runtime.c.o
 .debug_line    0x0000fb50      0x804 CMakeFiles/rp2350a_blink.dir/pico-sdk/src/rp2_common/pico_runtime_init/runtime_init.c.o
 .debug_line    0x00010354      0x6ae CMakeFiles/rp2350a_blink.dir/pico-sdk/src/rp2_common/pico_runtime_init/runtime_init_clocks.c.o
 .debug_line    0x00010a02      0x277 CMakeFiles/rp2350a_blink.dir/pico-sdk/src/rp2_common/pico_standard_binary_info/standard_binary_info.c.o
 .debug_line    0x00010c79     0x1b1d CMakeFiles/rp2350a_blink.dir/pico-sdk/src/rp2_common/pico_printf/printf.c.o
 .debug_line    0x00012796       0x9e CMakeFiles/rp2350a_blink.dir/pico-sdk/src/rp2_common/pico_crt0/crt0.S.o
 .debug_line    0x00012834      0x9ee CMakeFiles/rp2350a_blink.dir/pico-sdk/src/rp2_common/pico_clib_interface/newlib_interface.c.o
 .debug_line    0x00013222     0x16d4 CMakeFiles/rp2350a_blink.dir/pico-sdk/src/rp2_common/pico_stdio/stdio.c.o

.debug_str      0x00000000     0x529c
 .debug_str     0x00000000     0x529c CMakeFiles/rp2350a_blink.dir/rp2350a.cpp.o
                                0x277 (size before relaxing)
 .debug_str     0x0000529c      0xd57 CMakeFiles/rp2350a_blink.dir/pico-sdk/src/rp2_common/hardware_gpio/gpio.c.o
 .debug_str     0x0000529c      0x230 CMakeFiles/rp2350a_blink.dir/pico-sdk/src/rp2_common/pico_platform_panic/panic.c.o
 .debug_str     0x0000529c      0x3a2 CMakeFiles/rp2350a_blink.dir/pico-sdk/src/common/hardware_claim/claim.c.o
 .debug_str     0x0000529c      0x34d CMakeFiles/rp2350a_blink.dir/pico-sdk/src/rp2_common/hardware_sync/sync.c.o
 .debug_str     0x0000529c      0xbfa CMakeFiles/rp2350a_blink.dir/pico-sdk/src/rp2_common/hardware_sync_spin_lock/sync_spin_lock.c.o
 .debug_str     0x0000529c      0xc79 CMakeFiles/rp2350a_blink.dir/pico-sdk/src/rp2_common/hardware_irq/irq.c.o
 .debug_str     0x0000529c      0x23f CMakeFiles/rp2350a_blink.dir/pico-sdk/src/common/pico_sync/lock_core.c.o
 .debug_str     0x0000529c      0x913 CMakeFiles/rp2350a_blink.dir/pico-sdk/src/common/pico_sync/mutex.c.o
 .debug_str     0x0000529c     0x133c CMakeFiles/rp2350a_blink.dir/pico-sdk/src/common/pico_time/time.c.o
 .debug_str     0x0000529c      0xbcd CMakeFiles/rp2350a_blink.dir/pico-sdk/src/rp2_common/hardware_timer/timer.c.o
 .debug_str     0x0000529c      0xbbc CMakeFiles/rp2350a_blink.dir/pico-sdk/src/rp2_common/hardware_clocks/clocks.c.o
 .debug_str     0x0000529c      0x4c6 CMakeFiles/rp2350a_blink.dir/pico-sdk/src/rp2_common/hardware_pll/pll.c.o
 .debug_str     0x0000529c      0x2f3 CMakeFiles/rp2350a_blink.dir/pico-sdk/src/rp2_common/hardware_ticks/ticks.c.o
 .debug_str     0x0000529c      0x996 CMakeFiles/rp2350a_blink.dir/pico-sdk/src/rp2_common/pico_bootrom/bootrom.c.o
 .debug_str     0x0000529c      0x2db CMakeFiles/rp2350a_blink.dir/pico-sdk/src/rp2_common/pico_bootrom/bootrom_lock.c.o
 .debug_str     0x0000529c      0x2b9 CMakeFiles/rp2350a_blink.dir/pico-sdk/src/rp2_common/hardware_boot_lock/boot_lock.c.o
 .debug_str     0x0000529c      0x26c CMakeFiles/rp2350a_blink.dir/pico-sdk/src/rp2_common/hardware_xosc/xosc.c.o
 .debug_str     0x0000529c      0x2c2 CMakeFiles/rp2350a_blink.dir/pico-sdk/src/rp2_common/pico_runtime/runtime.c.o
 .debug_str     0x0000529c     0x1246 CMakeFiles/rp2350a_blink.dir/pico-sdk/src/rp2_common/pico_runtime_init/runtime_init.c.o
 .debug_str     0x0000529c      0x50e CMakeFiles/rp2350a_blink.dir/pico-sdk/src/rp2_common/pico_runtime_init/runtime_init_clocks.c.o
 .debug_str     0x0000529c      0x431 CMakeFiles/rp2350a_blink.dir/pico-sdk/src/rp2_common/pico_standard_binary_info/standard_binary_info.c.o
 .debug_str     0x0000529c      0x4c9 CMakeFiles/rp2350a_blink.dir/pico-sdk/src/rp2_common/pico_printf/printf.c.o
 .debug_str     0x0000529c       0x9d CMakeFiles/rp2350a_blink.dir/pico-sdk/src/rp2_common/pico_crt0/crt0.S.o
 .debug_str     0x0000529c      0x8c1 CMakeFiles/rp2350a_blink.dir/pico-sdk/src/rp2_common/pico_clib_interface/newlib_interface.c.o
 .debug_str     0x0000529c      0xfe0 CMakeFiles/rp2350a_blink.dir/pico-sdk/src/rp2_common/pico_stdio/stdio.c.o

.debug_frame    0x00000000     0x1c6c
 .debug_frame   0x00000000       0x28 CMakeFiles/rp2350a_blink.dir/rp2350a.cpp.o
 .debug_frame   0x00000028      0x38c CMakeFiles/rp2350a_blink.dir/pico-sdk/src/rp2_common/hardware_gpio/gpio.c.o
 .debug_frame   0x000003b4       0x4c CMakeFiles/rp2350a_blink.dir/pico-sdk/src/rp2_common/pico_platform_panic/panic.c.o
 .debug_frame   0x00000400       0x94 CMakeFiles/rp2350a_blink.dir/pico-sdk/src/common/hardware_claim/claim.c.o
 .debug_frame   0x00000494       0x98 CMakeFiles/rp2350a_blink.dir/pico-sdk/src/rp2_common/hardware_sync/sync.c.o
 .debug_frame   0x0000052c       0x40 CMakeFiles/rp2350a_blink.dir/pico-sdk/src/rp2_common/hardware_sync_spin_lock/sync_spin_lock.c.o
 .debug_frame   0x0000056c      0x1cc CMakeFiles/rp2350a_blink.dir/pico-sdk/src/rp2_common/hardware_irq/irq.c.o
 .debug_frame   0x00000738       0x20 CMakeFiles/rp2350a_blink.dir/pico-sdk/src/common/pico_sync/lock_core.c.o
 .debug_frame   0x00000758      0x1d0 CMakeFiles/rp2350a_blink.dir/pico-sdk/src/common/pico_sync/mutex.c.o
 .debug_frame   0x00000928      0x358 CMakeFiles/rp2350a_blink.dir/pico-sdk/src/common/pico_time/time.c.o
 .debug_frame   0x00000c80      0x2d4 CMakeFiles/rp2350a_blink.dir/pico-sdk/src/rp2_common/hardware_timer/timer.c.o
 .debug_frame   0x00000f54      0x1f0 CMakeFiles/rp2350a_blink.dir/pico-sdk/src/rp2_common/hardware_clocks/clocks.c.o
 .debug_frame   0x00001144       0x44 CMakeFiles/rp2350a_blink.dir/pico-sdk/src/rp2_common/hardware_pll/pll.c.o
 .debug_frame   0x00001188       0x40 CMakeFiles/rp2350a_blink.dir/pico-sdk/src/rp2_common/hardware_ticks/ticks.c.o
 .debug_frame   0x000011c8      0x12c CMakeFiles/rp2350a_blink.dir/pico-sdk/src/rp2_common/pico_bootrom/bootrom.c.o
 .debug_frame   0x000012f4       0x20 CMakeFiles/rp2350a_blink.dir/pico-sdk/src/rp2_common/pico_bootrom/bootrom_lock.c.o
 .debug_frame   0x00001314       0x40 CMakeFiles/rp2350a_blink.dir/pico-sdk/src/rp2_common/hardware_boot_lock/boot_lock.c.o
 .debug_frame   0x00001354       0x4c CMakeFiles/rp2350a_blink.dir/pico-sdk/src/rp2_common/hardware_xosc/xosc.c.o
 .debug_frame   0x000013a0       0x70 CMakeFiles/rp2350a_blink.dir/pico-sdk/src/rp2_common/pico_runtime/runtime.c.o
 .debug_frame   0x00001410       0xc0 CMakeFiles/rp2350a_blink.dir/pico-sdk/src/rp2_common/pico_runtime_init/runtime_init.c.o
 .debug_frame   0x000014d0       0x34 CMakeFiles/rp2350a_blink.dir/pico-sdk/src/rp2_common/pico_runtime_init/runtime_init_clocks.c.o
 .debug_frame   0x00001504      0x2d4 CMakeFiles/rp2350a_blink.dir/pico-sdk/src/rp2_common/pico_printf/printf.c.o
 .debug_frame   0x000017d8      0x190 CMakeFiles/rp2350a_blink.dir/pico-sdk/src/rp2_common/pico_clib_interface/newlib_interface.c.o
 .debug_frame   0x00001968      0x2e4 CMakeFiles/rp2350a_blink.dir/pico-sdk/src/rp2_common/pico_stdio/stdio.c.o
 .debug_frame   0x00001c4c       0x20 /Users/sparshg/.local/arm-gnu-toolchain-13.3.rel1-darwin-arm64-arm-none-eabi/bin/../lib/gcc/arm-none-eabi/13.3.1/../../../../arm-none-eabi/lib/thumb/v8-m.main+fp/softfp/libg.a(libc_a-strlen-stub.o)

.debug_line_str
                0x00000000      0x181
 .debug_line_str
                0x00000000      0x181 CMakeFiles/rp2350a_blink.dir/pico-sdk/src/rp2_common/pico_crt0/crt0.S.o
                                 0x8f (size before relaxing)
 .debug_line_str
                0x00000181       0xf2 /Users/sparshg/.local/arm-gnu-toolchain-13.3.rel1-darwin-arm64-arm-none-eabi/bin/../lib/gcc/arm-none-eabi/13.3.1/../../../../arm-none-eabi/lib/thumb/v8-m.main+fp/softfp/libg.a(libc_a-memcpy.o)
